Component: ARM Compiler 5.05 update 1 (build 106) Tool: armlink [4d0efa]

==============================================================================

Section Cross References

    main.o(.text) refers to system.o(.text) for System_Init
    main.o(.text) refers to main.o(.data) for Remote_time
    main.o(.text) refers to usart2.o(.bss) for RC_Ctl
    main.o(.text) refers to system.o(.data) for SystemMonitor
    stm32f4xx_it.o(.text) refers to stm32f4xx_it.o(.data) for sysTickUptime
    system.o(.text) refers to stm32f4xx_rcc.o(.text) for RCC_GetClocksFreq
    system.o(.text) refers to crc.o(.text) for CRC_init
    system.o(.text) refers to clock.o(.text) for A_GPIO_Init
    system.o(.text) refers to usart2.o(.text) for usart2_Init
    system.o(.text) refers to led.o(.text) for Led_Init
    system.o(.text) refers to mpu6050.o(.text) for MPU_Init
    system.o(.text) refers to inv_mpu.o(.text) for mpu_dmp_init
    system.o(.text) refers to control.o(.text) for Get_SystemMode
    system.o(.text) refers to blue.o(.text) for BlueOne_Flow_ArrowHead_Light
    system.o(.text) refers to system.o(.data) for usTicks
    system.o(.text) refers to stm32f4xx_it.o(.data) for sysTickUptime
    system.o(.text) refers to system_stm32f4xx.o(.data) for SystemCoreClock
    can1.o(.text) refers to stm32f4xx_rcc.o(.text) for RCC_AHB1PeriphClockCmd
    can1.o(.text) refers to stm32f4xx_gpio.o(.text) for GPIO_Init
    can1.o(.text) refers to misc.o(.text) for NVIC_Init
    can1.o(.text) refers to stm32f4xx_can.o(.text) for CAN_Init
    control.o(.text) refers to system.o(.text) for delay_ms
    control.o(.text) refers to usart2.o(.bss) for RC_Ctl
    control.o(.text) refers to control.o(.data) for Key_Flag
    usart2.o(.text) refers to stm32f4xx_rcc.o(.text) for RCC_AHB1PeriphClockCmd
    usart2.o(.text) refers to stm32f4xx_gpio.o(.text) for GPIO_PinAFConfig
    usart2.o(.text) refers to stm32f4xx_usart.o(.text) for USART_DeInit
    usart2.o(.text) refers to misc.o(.text) for NVIC_Init
    usart2.o(.text) refers to stm32f4xx_dma.o(.text) for DMA_DeInit
    usart2.o(.text) refers to system.o(.text) for micros
    usart2.o(.text) refers to usart2.o(.bss) for sbus_rx_buffer
    usart2.o(.text) refers to main.o(.data) for Remote_time
    led.o(.text) refers to stm32f4xx_rcc.o(.text) for RCC_AHB1PeriphClockCmd
    led.o(.text) refers to stm32f4xx_gpio.o(.text) for GPIO_Init
    crc.o(.text) refers to stm32f4xx_rcc.o(.text) for RCC_AHB1PeriphClockCmd
    crc.o(.text) refers to crc.o(.constdata) for CRC8_TAB
    crc.o(.text) refers to crc.o(.data) for CRC_INIT
    can2.o(.text) refers to stm32f4xx_rcc.o(.text) for RCC_AHB1PeriphClockCmd
    can2.o(.text) refers to stm32f4xx_gpio.o(.text) for GPIO_PinAFConfig
    can2.o(.text) refers to misc.o(.text) for NVIC_Init
    can2.o(.text) refers to stm32f4xx_can.o(.text) for CAN_DeInit
    red.o(.text) refers to rt_memcpy_w.o(.text) for __aeabi_memcpy4
    red.o(.text) refers to clock.o(.text) for Code1_RGB_bulingbuling_RED
    red.o(.text) refers to red.o(.constdata) for .constdata
    blue.o(.text) refers to rt_memcpy_w.o(.text) for __aeabi_memcpy4
    blue.o(.text) refers to clock.o(.text) for Code1_RGB_bulingbuling_BLUE
    blue.o(.text) refers to blue.o(.constdata) for .constdata
    clock.o(.text) refers to stm32f4xx_rcc.o(.text) for RCC_AHB1PeriphClockCmd
    clock.o(.text) refers to stm32f4xx_gpio.o(.text) for GPIO_Init
    clock.o(.text) refers to clock.o(.data) for i0
    stm32f4xx_gpio.o(.text) refers to stm32f4xx_rcc.o(.text) for RCC_AHB1PeriphResetCmd
    stm32f4xx_rcc.o(.text) refers to stm32f4xx_rcc.o(.data) for APBAHBPrescTable
    stm32f4xx_tim.o(.text) refers to stm32f4xx_rcc.o(.text) for RCC_APB2PeriphResetCmd
    stm32f4xx_usart.o(.text) refers to stm32f4xx_rcc.o(.text) for RCC_APB2PeriphResetCmd
    startup_stm32f40xx.o(STACK) refers (Special) to heapauxi.o(.text) for __use_two_region_memory
    startup_stm32f40xx.o(HEAP) refers (Special) to heapauxi.o(.text) for __use_two_region_memory
    startup_stm32f40xx.o(RESET) refers (Special) to heapauxi.o(.text) for __use_two_region_memory
    startup_stm32f40xx.o(RESET) refers to startup_stm32f40xx.o(STACK) for __initial_sp
    startup_stm32f40xx.o(RESET) refers to startup_stm32f40xx.o(.text) for Reset_Handler
    startup_stm32f40xx.o(RESET) refers to stm32f4xx_it.o(.text) for NMI_Handler
    startup_stm32f40xx.o(RESET) refers to usart2.o(.text) for DMA1_Stream5_IRQHandler
    startup_stm32f40xx.o(RESET) refers to can1.o(.text) for CAN1_TX_IRQHandler
    startup_stm32f40xx.o(RESET) refers to can2.o(.text) for CAN2_TX_IRQHandler
    startup_stm32f40xx.o(.text) refers (Special) to heapauxi.o(.text) for __use_two_region_memory
    startup_stm32f40xx.o(.text) refers to system_stm32f4xx.o(.text) for SystemInit
    startup_stm32f40xx.o(.text) refers to __main.o(!!!main) for __main
    startup_stm32f40xx.o(.text) refers to startup_stm32f40xx.o(HEAP) for Heap_Mem
[...]
    i.__hardfp_asin                          0x080070f0   Section        0  asin.o(i.__hardfp_asin)
    i.__hardfp_atan                          0x08007450   Section        0  atan.o(i.__hardfp_atan)
    i.__hardfp_atan2                         0x08007728   Section        0  atan2.o(i.__hardfp_atan2)
    i.__kernel_poly                          0x08007918   Section        0  poly.o(i.__kernel_poly)
    i.__mathlib_dbl_infnan                   0x08007a10   Section        0  dunder.o(i.__mathlib_dbl_infnan)
    i.__mathlib_dbl_infnan2                  0x08007a24   Section        0  dunder.o(i.__mathlib_dbl_infnan2)
    i.__mathlib_dbl_invalid                  0x08007a38   Section        0  dunder.o(i.__mathlib_dbl_invalid)
    i.__mathlib_dbl_underflow                0x08007a58   Section        0  dunder.o(i.__mathlib_dbl_underflow)
    i._is_digit                              0x08007a78   Section        0  __printf_wp.o(i._is_digit)
    i.atan                                   0x08007a86   Section        0  atan.o(i.atan)
    i.fabs                                   0x08007a96   Section        0  fabs.o(i.fabs)
    i.sqrt                                   0x08007aae   Section        0  sqrt.o(i.sqrt)
    x$fpl$basic                              0x08007b1c   Section       24  basic.o(x$fpl$basic)
    $v0                                      0x08007b1c   Number         0  basic.o(x$fpl$basic)
    x$fpl$d2f                                0x08007b34   Section       98  d2f.o(x$fpl$d2f)
    $v0                                      0x08007b34   Number         0  d2f.o(x$fpl$d2f)
    x$fpl$dadd                               0x08007b98   Section      336  daddsub_clz.o(x$fpl$dadd)
    $v0                                      0x08007b98   Number         0  daddsub_clz.o(x$fpl$dadd)
    _dadd1                                   0x08007ba9   Thumb Code     0  daddsub_clz.o(x$fpl$dadd)
    x$fpl$ddiv                               0x08007ce8   Section      688  ddiv.o(x$fpl$ddiv)
    $v0                                      0x08007ce8   Number         0  ddiv.o(x$fpl$ddiv)
    ddiv_entry                               0x08007cef   Thumb Code     0  ddiv.o(x$fpl$ddiv)
    x$fpl$dflt                               0x08007f98   Section       46  dflt_clz.o(x$fpl$dflt)
    $v0                                      0x08007f98   Number         0  dflt_clz.o(x$fpl$dflt)
    x$fpl$dmul                               0x08007fc8   Section      340  dmul.o(x$fpl$dmul)
    $v0                                      0x08007fc8   Number         0  dmul.o(x$fpl$dmul)
    x$fpl$dnaninf                            0x0800811c   Section      156  dnaninf.o(x$fpl$dnaninf)
    $v0                                      0x0800811c   Number         0  dnaninf.o(x$fpl$dnaninf)
    x$fpl$dretinf                            0x080081b8   Section       12  dretinf.o(x$fpl$dretinf)
    $v0                                      0x080081b8   Number         0  dretinf.o(x$fpl$dretinf)
    x$fpl$drsb                               0x080081c4   Section       22  daddsub_clz.o(x$fpl$drsb)
    $v0                                      0x080081c4   Number         0  daddsub_clz.o(x$fpl$drsb)
    x$fpl$dsqrt                              0x080081dc   Section      408  dsqrt_umaal.o(x$fpl$dsqrt)
    $v0                                      0x080081dc   Number         0  dsqrt_umaal.o(x$fpl$dsqrt)
    x$fpl$dsub                               0x08008374   Section      468  daddsub_clz.o(x$fpl$dsub)
    $v0                                      0x08008374   Number         0  daddsub_clz.o(x$fpl$dsub)
    _dsub1                                   0x08008385   Thumb Code     0  daddsub_clz.o(x$fpl$dsub)
    x$fpl$f2d                                0x08008548   Section       86  f2d.o(x$fpl$f2d)
    $v0                                      0x08008548   Number         0  f2d.o(x$fpl$f2d)
    x$fpl$fnaninf                            0x0800859e   Section      140  fnaninf.o(x$fpl$fnaninf)
    $v0                                      0x0800859e   Number         0  fnaninf.o(x$fpl$fnaninf)
    x$fpl$fpinit                             0x0800862a   Section       10  fpinit.o(x$fpl$fpinit)
    $v0                                      0x0800862a   Number         0  fpinit.o(x$fpl$fpinit)
    x$fpl$fretinf                            0x08008634   Section       10  fretinf.o(x$fpl$fretinf)
    $v0                                      0x08008634   Number         0  fretinf.o(x$fpl$fretinf)
    .constdata                               0x0800863e   Section      770  crc.o(.constdata)
    x$fpl$usenofp                            0x0800863e   Section        0  usenofp.o(x$fpl$usenofp)
    .constdata                               0x08008940   Section    14976  blue.o(.constdata)
    .constdata                               0x0800c3c0   Section       80  inv_mpu.o(.constdata)
    .constdata                               0x0800c410   Section     3062  inv_mpu_dmp_motion_driver.o(.constdata)
    dmp_memory                               0x0800c410   Data        3062  inv_mpu_dmp_motion_driver.o(.constdata)
    .constdata                               0x0800d006   Section       40  _printf_hex_int.o(.constdata)
    uc_hextab                                0x0800d006   Data          20  _printf_hex_int.o(.constdata)
    lc_hextab                                0x0800d01a   Data          20  _printf_hex_int.o(.constdata)
    .constdata                               0x0800d02e   Section       17  __printf_flags_wp.o(.constdata)
    maptable                                 0x0800d02e   Data          17  __printf_flags_wp.o(.constdata)
    .constdata                               0x0800d040   Section       80  asin.o(.constdata)
    pS                                       0x0800d040   Data          48  asin.o(.constdata)
    qS                                       0x0800d070   Data          32  asin.o(.constdata)
    .constdata                               0x0800d090   Section      152  atan.o(.constdata)
    atanhi                                   0x0800d090   Data          32  atan.o(.constdata)
    atanlo                                   0x0800d0b0   Data          32  atan.o(.constdata)
    aTodd                                    0x0800d0d0   Data          40  atan.o(.constdata)
    aTeven                                   0x0800d0f8   Data          48  atan.o(.constdata)
    .constdata                               0x0800d128   Section        8  qnan.o(.constdata)
    .conststring                             0x0800d130   Section       77  inv_mpu.o(.conststring)
    .data                                    0x20000000   Section        4  main.o(.data)
    .data                                    0x20000004   Section        4  stm32f4xx_it.o(.data)
    .data                                    0x20000008   Section       68  system.o(.data)
    usTicks                                  0x20000008   Data           4  system.o(.data)
    loopTime_mpu6050                         0x2000003c   Data           4  system.o(.data)
    currentTime                              0x20000040   Data           4  system.o(.data)
    loopTime_1ms                             0x20000044   Data           4  system.o(.data)
    loopTime_2ms                             0x20000048   Data           4  system.o(.data)
    .data                                    0x2000004c   Section        1  control.o(.data)
    .data                                    0x2000004e   Section        2  crc.o(.data)
    .data                                    0x20000050   Section       32  clock.o(.data)
    .data                                    0x20000070   Section       16  stm32f4xx_rcc.o(.data)
    APBAHBPrescTable                         0x20000070   Data          16  stm32f4xx_rcc.o(.data)
    .data                                    0x20000080   Section       20  system_stm32f4xx.o(.data)
    .data                                    0x20000094   Section        4  usart.o(.data)
    .data                                    0x20000098   Section       53  inv_mpu.o(.data)
    st                                       0x20000098   Data          44  inv_mpu.o(.data)
    gyro_orientation                         0x200000c4   Data           9  inv_mpu.o(.data)
    .bss                                     0x200000d0   Section       46  usart2.o(.bss)
    .bss                                     0x20000100   Section       16  inv_mpu_dmp_motion_driver.o(.bss)
    dmp                                      0x20000100   Data          16  inv_mpu_dmp_motion_driver.o(.bss)
    .bss                                     0x20000110   Section       96  libspace.o(.bss)
    HEAP                                     0x20000170   Section      512  startup_stm32f40xx.o(HEAP)
    Heap_Mem                                 0x20000170   Data         512  startup_stm32f40xx.o(HEAP)
    STACK                                    0x20000370   Section     1024  startup_stm32f40xx.o(STACK)
    Stack_Mem                                0x20000370   Data        1024  startup_stm32f40xx.o(STACK)
    __initial_sp                             0x20000770   Data           0  startup_stm32f40xx.o(STACK)

    Global Symbols

    Symbol Name                              Value     Ov Type        Size  Object(Section)

    BuildAttributes$$THM_ISAv4$E$P$D$K$B$S$7EM$VFPi3$EXTD16$VFPS$VFMA$PE$A:L22UL41UL21$X:L11$S22US41US21$IEEE1$IW$USESV6$~STKCKD$USESV7$~SHL$OTIME$ROPI$IEEEX$EBA8$UX$STANDARDLIB$REQ8$PRES8$EABIv2 0x00000000   Number         0  anon$$obj.o ABSOLUTE
    __ARM_use_no_argv                        0x00000000   Number         0  main.o ABSOLUTE
    _printf_flags                            0x00000000   Number         0  printf_stubs.o ABSOLUTE
    _printf_return_value                     0x00000000   Number         0  printf_stubs.o ABSOLUTE
    _printf_sizespec                         0x00000000   Number         0  printf_stubs.o ABSOLUTE
    _printf_widthprec                        0x00000000   Number         0  printf_stubs.o ABSOLUTE
    __ARM_exceptions_init                     - Undefined Weak Reference
    __alloca_initialize                       - Undefined Weak Reference
    __arm_preinit_                            - Undefined Weak Reference
    __cpp_initialize__aeabi_                  - Undefined Weak Reference
    __cxa_finalize                            - Undefined Weak Reference
    __rt_locale                               - Undefined Weak Reference
    __sigvec_lookup                           - Undefined Weak Reference
    _atexit_init                              - Undefined Weak Reference
    _call_atexit_fns                          - Undefined Weak Reference
    _clock_init                               - Undefined Weak Reference
    _fp_trap_init                             - Undefined Weak Reference
    _fp_trap_shutdown                         - Undefined Weak Reference
    _get_lc_collate                           - Undefined Weak Reference
    _get_lc_ctype                             - Undefined Weak Reference
    _get_lc_monetary                          - Undefined Weak Reference
    _get_lc_numeric                           - Undefined Weak Reference
    _get_lc_time                              - Undefined Weak Reference
    _getenv_init                              - Undefined Weak Reference
    _handle_redirection                       - Undefined Weak Reference
    _init_alloc                               - Undefined Weak Reference
    _init_user_alloc                          - Undefined Weak Reference
    _initio                                   - Undefined Weak Reference
    _mutex_acquire                            - Undefined Weak Reference
    _mutex_release                            - Undefined Weak Reference
    _printf_truncate_signed                   - Undefined Weak Reference
    _printf_truncate_unsigned                 - Undefined Weak Reference
    _rand_init                                - Undefined Weak Reference
    _signal_finish                            - Undefined Weak Reference
    _signal_init                              - Undefined Weak Reference
    _terminate_alloc                          - Undefined Weak Reference
    _terminate_user_alloc                     - Undefined Weak Reference
    _terminateio                              - Undefined Weak Reference
    __Vectors_Size                           0x00000188   Number         0  startup_stm32f40xx.o ABSOLUTE
    __Vectors                                0x08000000   Data           4  startup_stm32f40xx.o(RESET)
    __Vectors_End                            0x08000188   Data           0  startup_stm32f40xx.o(RESET)
    __main                                   0x08000189   Thumb Code     8  __main.o(!!!main)
    __scatterload                            0x08000191   Thumb Code     0  __scatter.o(!!!scatter)
    __scatterload_rt2                        0x08000191   Thumb Code    44  __scatter.o(!!!scatter)
    __scatterload_rt2_thumb_only             0x08000191   Thumb Code     0  __scatter.o(!!!scatter)
    __scatterload_null                       0x0800019f   Thumb Code     0  __scatter.o(!!!scatter)
    __scatterload_copy                       0x080001c5   Thumb Code    26  __scatter_copy.o(!!handler_copy)
    __scatterload_zeroinit                   0x080001e1   Thumb Code    28  __scatter_zi.o(!!handler_zi)
    _printf_d                                0x080001fd   Thumb Code     0  _printf_d.o(.ARM.Collect$$_printf_percent$$00000009)
    _printf_percent                          0x080001fd   Thumb Code     0  _printf_percent.o(.ARM.Collect$$_printf_percent$$00000000)
    _printf_x                                0x08000203   Thumb Code     0  _printf_x.o(.ARM.Collect$$_printf_percent$$0000000C)
    _printf_percent_end                      0x08000209   Thumb Code     0  _printf_percent_end.o(.ARM.Collect$$_printf_percent$$00000017)
    __rt_lib_init                            0x0800020d   Thumb Code     0  libinit.o(.ARM.Collect$$libinit$$00000000)
    __rt_lib_init_fp_1                       0x0800020f   Thumb Code     0  libinit2.o(.ARM.Collect$$libinit$$00000001)
    __rt_lib_init_alloca_1                   0x08000213   Thumb Code     0  libinit2.o(.ARM.Collect$$libinit$$0000002E)
    __rt_lib_init_argv_1                     0x08000213   Thumb Code     0  libinit2.o(.ARM.Collect$$libinit$$0000002C)
    __rt_lib_init_atexit_1                   0x08000213   Thumb Code     0  libinit2.o(.ARM.Collect$$libinit$$0000001B)
    __rt_lib_init_clock_1                    0x08000213   Thumb Code     0  libinit2.o(.ARM.Collect$$libinit$$00000021)
    __rt_lib_init_cpp_1                      0x08000213   Thumb Code     0  libinit2.o(.ARM.Collect$$libinit$$00000032)
    __rt_lib_init_exceptions_1               0x08000213   Thumb Code     0  libinit2.o(.ARM.Collect$$libinit$$00000030)
    __rt_lib_init_fp_trap_1                  0x08000213   Thumb Code     0  libinit2.o(.ARM.Collect$$libinit$$0000001F)
    __rt_lib_init_getenv_1                   0x08000213   Thumb Code     0  libinit2.o(.ARM.Collect$$libinit$$00000023)
    __rt_lib_init_heap_1                     0x08000213   Thumb Code     0  libinit2.o(.ARM.Collect$$libinit$$0000000A)
    __rt_lib_init_lc_collate_1               0x08000213   Thumb Code     0  libinit2.o(.ARM.Collect$$libinit$$00000011)
    __rt_lib_init_lc_ctype_1                 0x08000213   Thumb Code     0  libinit2.o(.ARM.Collect$$libinit$$00000013)
    __rt_lib_init_lc_monetary_1              0x08000213   Thumb Code     0  libinit2.o(.ARM.Collect$$libinit$$00000015)
    __rt_lib_init_lc_numeric_1               0x08000213   Thumb Code     0  libinit2.o(.ARM.Collect$$libinit$$00000017)
    __rt_lib_init_lc_time_1                  0x08000213   Thumb Code     0  libinit2.o(.ARM.Collect$$libinit$$00000019)
    __rt_lib_init_preinit_1                  0x08000213   Thumb Code     0  libinit2.o(.ARM.Collect$$libinit$$00000004)
    __rt_lib_init_rand_1                     0x08000213   Thumb Code     0  libinit2.o(.ARM.Collect$$libinit$$0000000E)
    __rt_lib_init_return                     0x08000213   Thumb Code     0  libinit2.o(.ARM.Collect$$libinit$$00000033)
    __rt_lib_init_signal_1                   0x08000213   Thumb Code     0  libinit2.o(.ARM.Collect$$libinit$$0000001D)
    __rt_lib_init_stdio_1                    0x08000213   Thumb Code     0  libinit2.o(.ARM.Collect$$libinit$$00000025)
    __rt_lib_init_user_alloc_1               0x08000213   Thumb Code     0  libinit2.o(.ARM.Collect$$libinit$$0000000C)
    __rt_lib_shutdown                        0x08000215   Thumb Code     0  libshutdown.o(.ARM.Collect$$libshutdown$$00000000)
    __rt_lib_shutdown_fp_trap_1              0x08000217   Thumb Code     0  libshutdown2.o(.ARM.Collect$$libshutdown$$00000006)
    __rt_lib_shutdown_heap_1                 0x08000217   Thumb Code     0  libshutdown2.o(.ARM.Collect$$libshutdown$$0000000E)
    __rt_lib_shutdown_return                 0x08000217   Thumb Code     0  libshutdown2.o(.ARM.Collect$$libshutdown$$0000000F)
    __rt_lib_shutdown_signal_1               0x08000217   Thumb Code     0  libshutdown2.o(.ARM.Collect$$libshutdown$$00000009)
    __rt_lib_shutdown_stdio_1                0x08000217   Thumb Code     0  libshutdown2.o(.ARM.Collect$$libshutdown$$00000003)
    __rt_lib_shutdown_user_alloc_1           0x08000217   Thumb Code     0  libshutdown2.o(.ARM.Collect$$libshutdown$$0000000B)
    __rt_entry                               0x08000219   Thumb Code     0  __rtentry.o(.ARM.Collect$$rtentry$$00000000)
    __rt_entry_presh_1                       0x08000219   Thumb Code     0  __rtentry2.o(.ARM.Collect$$rtentry$$00000002)
    __rt_entry_sh                            0x08000219   Thumb Code     0  __rtentry4.o(.ARM.Collect$$rtentry$$00000004)
    __rt_entry_li                            0x0800021f   Thumb Code     0  __rtentry2.o(.ARM.Collect$$rtentry$$0000000A)
    __rt_entry_postsh_1                      0x0800021f   Thumb Code     0  __rtentry2.o(.ARM.Collect$$rtentry$$00000009)
    __rt_entry_main                          0x08000223   Thumb Code     0  __rtentry2.o(.ARM.Collect$$rtentry$$0000000D)
    __rt_entry_postli_1                      0x08000223   Thumb Code     0  __rtentry2.o(.ARM.Collect$$rtentry$$0000000C)
    __rt_exit                                0x0800022b   Thumb Code     0  rtexit.o(.ARM.Collect$$rtexit$$00000000)
    __rt_exit_ls                             0x0800022d   Thumb Code     0  rtexit2.o(.ARM.Collect$$rtexit$$00000003)
    __rt_exit_prels_1                        0x0800022d   Thumb Code     0  rtexit2.o(.ARM.Collect$$rtexit$$00000002)
    __rt_exit_exit                           0x08000231   Thumb Code     0  rtexit2.o(.ARM.Collect$$rtexit$$00000004)
    main                                     0x08000239   Thumb Code    76  main.o(.text)
    NMI_Handler                              0x08000291   Thumb Code     2  stm32f4xx_it.o(.text)
    HardFault_Handler                        0x08000293   Thumb Code     4  stm32f4xx_it.o(.text)
    MemManage_Handler                        0x08000297   Thumb Code     4  stm32f4xx_it.o(.text)
    BusFault_Handler                         0x0800029b   Thumb Code     4  stm32f4xx_it.o(.text)
    UsageFault_Handler                       0x0800029f   Thumb Code     4  stm32f4xx_it.o(.text)
    SVC_Handler                              0x080002a3   Thumb Code     2  stm32f4xx_it.o(.text)
    DebugMon_Handler                         0x080002a5   Thumb Code     2  stm32f4xx_it.o(.text)
    PendSV_Handler                           0x080002a7   Thumb Code     2  stm32f4xx_it.o(.text)
    SysTick_Handler                          0x080002a9   Thumb Code    12  stm32f4xx_it.o(.text)
    constrain                                0x08000303   Thumb Code    42  system.o(.text)
    constrain_int32                          0x0800032d   Thumb Code    22  system.o(.text)
    constrain_int16                          0x08000343   Thumb Code    22  system.o(.text)
    constrain_int                            0x08000359   Thumb Code    22  system.o(.text)
    micros                                   0x08000385   Thumb Code    58  system.o(.text)
    delay_us                                 0x080003bf   Thumb Code    24  system.o(.text)
    delay_ms                                 0x080003d7   Thumb Code    24  system.o(.text)
    millis                                   0x080003ef   Thumb Code     6  system.o(.text)
    systemInit                               0x080003f5   Thumb Code    26  system.o(.text)
    Stop                                     0x0800040f   Thumb Code     2  system.o(.text)
    Parameter_Init                           0x08000411   Thumb Code     2  system.o(.text)
    System_Init                              0x08000413   Thumb Code   138  system.o(.text)
    Loop                                     0x0800049d   Thumb Code   166  system.o(.text)
    CAN1_Init                                0x0800059d   Thumb Code   246  can1.o(.text)
    CAN1_Send                                0x08000693   Thumb Code    92  can1.o(.text)
    CAN1_RX0_IRQHandler                      0x080006ef   Thumb Code    30  can1.o(.text)
    CAN1_TX_IRQHandler                       0x0800070d   Thumb Code    16  can1.o(.text)
    Reset_System_CPU                         0x08000729   Thumb Code    90  control.o(.text)
    Get_SystemMode                           0x08000783   Thumb Code    36  control.o(.text)
    usart2_Init                              0x080007b9   Thumb Code   258  usart2.o(.text)
    delay_ms1                                0x080008bb   Thumb Code    28  usart2.o(.text)
    Get_RC_Data                              0x080008d7   Thumb Code   276  usart2.o(.text)
    DMA1_Stream5_IRQHandler                  0x080009eb   Thumb Code    48  usart2.o(.text)
    Led_Init                                 0x08000a4d   Thumb Code    88  led.o(.text)
    CRC_init                                 0x08000aad   Thumb Code    12  crc.o(.text)
    Get_CRC8_Check_Sum                       0x08000ab9   Thumb Code    30  crc.o(.text)
    Verify_CRC8_Check_Sum                    0x08000ad7   Thumb Code    46  crc.o(.text)
    Append_CRC8_Check_Sum                    0x08000b05   Thumb Code    36  crc.o(.text)
    Get_CRC16_Check_Sum                      0x08000b29   Thumb Code    46  crc.o(.text)
    Verify_CRC16_Check_Sum                   0x08000b57   Thumb Code    60  crc.o(.text)
    Append_CRC16_Check_Sum                   0x08000b93   Thumb Code    44  crc.o(.text)
    CAN2_Init                                0x08000bcd   Thumb Code   274  can2.o(.text)
    CAN2_Send_Message                        0x08000cdf   Thumb Code    92  can2.o(.text)
    CAN2_RX0_IRQHandler                      0x08000d3b   Thumb Code    38  can2.o(.text)
    CAN2_TX_IRQHandler                       0x08000d61   Thumb Code    22  can2.o(.text)
    BlueOne_ArrowHead_Light                  0x08000d81   Thumb Code    90  blue.o(.text)
    BlueTwo_ArrowHead_Light                  0x08000ddb   Thumb Code    90  blue.o(.text)
    BlueThree_ArrowHead_Light                0x08000e35   Thumb Code    90  blue.o(.text)
    BlueFour_ArrowHead_Light                 0x08000e8f   Thumb Code    90  blue.o(.text)
    BlueFive_ArrowHead_Light                 0x08000ee9   Thumb Code    90  blue.o(.text)
    BlueSix_ArrowHead_Light                  0x08000f43   Thumb Code    90  blue.o(.text)
    BlueSeven_ArrowHead_Light                0x08000f9d   Thumb Code    90  blue.o(.text)
    BlueEight_ArrowHead_Light                0x08000ff7   Thumb Code    90  blue.o(.text)
    BlueOne_Flow_ArrowHead_Light             0x08001051   Thumb Code    90  blue.o(.text)
    BlueTwo_Flow_ArrowHead_Light             0x080010ab   Thumb Code    90  blue.o(.text)
    BlueThree_Flow_ArrowHead_Light           0x08001105   Thumb Code    90  blue.o(.text)
    BlueFour_Flow_ArrowHead_Light            0x0800115f   Thumb Code   138  blue.o(.text)
    Blue_LED_Screen_Light                    0x080011e9   Thumb Code    86  blue.o(.text)
    A_GPIO_Init                              0x08001245   Thumb Code    90  clock.o(.text)
    Code0_RGB_bulingbuling_BLUE              0x0800129f   Thumb Code   126  clock.o(.text)
    Code1_RGB_bulingbuling_BLUE              0x0800131d   Thumb Code   126  clock.o(.text)
    Code0_RGB_bulingbuling_RED               0x0800139b   Thumb Code   132  clock.o(.text)
    Code1_RGB_bulingbuling_RED               0x0800141f   Thumb Code   132  clock.o(.text)
    Code0_RED_Off                            0x080014a3   Thumb Code   140  clock.o(.text)
    Code0_BLUE_Off                           0x0800152f   Thumb Code   126  clock.o(.text)
    NVIC_PriorityGroupConfig                 0x080015e1   Thumb Code    10  misc.o(.text)
    NVIC_Init                                0x080015eb   Thumb Code   106  misc.o(.text)
    NVIC_SetVectorTable                      0x08001655   Thumb Code    14  misc.o(.text)
    NVIC_SystemLPConfig                      0x08001663   Thumb Code    34  misc.o(.text)
    SysTick_CLKSourceConfig                  0x08001685   Thumb Code    40  misc.o(.text)
    GPIO_DeInit                              0x080016c1   Thumb Code   268  stm32f4xx_gpio.o(.text)
    GPIO_Init                                0x080017cd   Thumb Code   144  stm32f4xx_gpio.o(.text)
    GPIO_StructInit                          0x0800185d   Thumb Code    18  stm32f4xx_gpio.o(.text)
    GPIO_PinLockConfig                       0x0800186f   Thumb Code    34  stm32f4xx_gpio.o(.text)
    GPIO_ReadInputDataBit                    0x08001891   Thumb Code    18  stm32f4xx_gpio.o(.text)
    GPIO_ReadInputData                       0x080018a3   Thumb Code     8  stm32f4xx_gpio.o(.text)
    GPIO_ReadOutputDataBit                   0x080018ab   Thumb Code    18  stm32f4xx_gpio.o(.text)
    GPIO_ReadOutputData                      0x080018bd   Thumb Code     8  stm32f4xx_gpio.o(.text)
    GPIO_SetBits                             0x080018c5   Thumb Code     4  stm32f4xx_gpio.o(.text)
    GPIO_ResetBits                           0x080018c9   Thumb Code     4  stm32f4xx_gpio.o(.text)
    GPIO_WriteBit                            0x080018cd   Thumb Code    10  stm32f4xx_gpio.o(.text)
    GPIO_Write                               0x080018d7   Thumb Code     4  stm32f4xx_gpio.o(.text)
    GPIO_ToggleBits                          0x080018db   Thumb Code     8  stm32f4xx_gpio.o(.text)
    GPIO_PinAFConfig                         0x080018e3   Thumb Code    70  stm32f4xx_gpio.o(.text)
    RCC_DeInit                               0x08001955   Thumb Code    82  stm32f4xx_rcc.o(.text)
    RCC_HSEConfig                            0x080019a7   Thumb Code    14  stm32f4xx_rcc.o(.text)
    RCC_GetFlagStatus                        0x080019b5   Thumb Code    60  stm32f4xx_rcc.o(.text)
    RCC_WaitForHSEStartUp                    0x080019f1   Thumb Code    56  stm32f4xx_rcc.o(.text)
    RCC_AdjustHSICalibrationValue            0x08001a29   Thumb Code    20  stm32f4xx_rcc.o(.text)
    RCC_HSICmd                               0x08001a3d   Thumb Code     6  stm32f4xx_rcc.o(.text)
    RCC_LSEConfig                            0x08001a43   Thumb Code    46  stm32f4xx_rcc.o(.text)
    RCC_LSICmd                               0x08001a71   Thumb Code     6  stm32f4xx_rcc.o(.text)
    RCC_PLLConfig                            0x08001a77   Thumb Code    32  stm32f4xx_rcc.o(.text)
    RCC_PLLCmd                               0x08001a97   Thumb Code     6  stm32f4xx_rcc.o(.text)
    RCC_PLLI2SConfig                         0x08001a9d   Thumb Code    14  stm32f4xx_rcc.o(.text)
    RCC_PLLI2SCmd                            0x08001aab   Thumb Code     6  stm32f4xx_rcc.o(.text)
    RCC_PLLSAIConfig                         0x08001ab1   Thumb Code    20  stm32f4xx_rcc.o(.text)
    RCC_PLLSAICmd                            0x08001ac5   Thumb Code     6  stm32f4xx_rcc.o(.text)
    RCC_ClockSecuritySystemCmd               0x08001acb   Thumb Code     6  stm32f4xx_rcc.o(.text)
    RCC_MCO1Config                           0x08001ad1   Thumb Code    28  stm32f4xx_rcc.o(.text)
    RCC_MCO2Config                           0x08001aed   Thumb Code    28  stm32f4xx_rcc.o(.text)
    RCC_SYSCLKConfig                         0x08001b09   Thumb Code    20  stm32f4xx_rcc.o(.text)
    RCC_GetSYSCLKSource                      0x08001b1d   Thumb Code    12  stm32f4xx_rcc.o(.text)
    RCC_HCLKConfig                           0x08001b29   Thumb Code    20  stm32f4xx_rcc.o(.text)
    RCC_PCLK1Config                          0x08001b3d   Thumb Code    20  stm32f4xx_rcc.o(.text)
    RCC_PCLK2Config                          0x08001b51   Thumb Code    22  stm32f4xx_rcc.o(.text)
    RCC_GetClocksFreq                        0x08001b67   Thumb Code   222  stm32f4xx_rcc.o(.text)
    RCC_RTCCLKConfig                         0x08001c45   Thumb Code    54  stm32f4xx_rcc.o(.text)
    RCC_RTCCLKCmd                            0x08001c7b   Thumb Code     8  stm32f4xx_rcc.o(.text)
    RCC_BackupResetCmd                       0x08001c83   Thumb Code     8  stm32f4xx_rcc.o(.text)
    RCC_I2SCLKConfig                         0x08001c8b   Thumb Code     6  stm32f4xx_rcc.o(.text)
    RCC_SAIPLLI2SClkDivConfig                0x08001c91   Thumb Code    26  stm32f4xx_rcc.o(.text)
    RCC_SAIPLLSAIClkDivConfig                0x08001cab   Thumb Code    28  stm32f4xx_rcc.o(.text)
    RCC_SAIBlockACLKConfig                   0x08001cc7   Thumb Code    20  stm32f4xx_rcc.o(.text)
    RCC_SAIBlockBCLKConfig                   0x08001cdb   Thumb Code    20  stm32f4xx_rcc.o(.text)
    RCC_LTDCCLKDivConfig                     0x08001cef   Thumb Code    20  stm32f4xx_rcc.o(.text)
    RCC_TIMCLKPresConfig                     0x08001d03   Thumb Code     6  stm32f4xx_rcc.o(.text)
    RCC_AHB1PeriphClockCmd                   0x08001d09   Thumb Code    34  stm32f4xx_rcc.o(.text)
    RCC_AHB2PeriphClockCmd                   0x08001d2b   Thumb Code    78  stm32f4xx_rcc.o(.text)
    RCC_AHB3PeriphClockCmd                   0x08001d79   Thumb Code    34  stm32f4xx_rcc.o(.text)
    RCC_APB1PeriphClockCmd                   0x08001d9b   Thumb Code    34  stm32f4xx_rcc.o(.text)
    RCC_APB2PeriphClockCmd                   0x08001dbd   Thumb Code    34  stm32f4xx_rcc.o(.text)
    RCC_AHB1PeriphResetCmd                   0x08001ddf   Thumb Code    34  stm32f4xx_rcc.o(.text)
    RCC_AHB2PeriphResetCmd                   0x08001e01   Thumb Code    34  stm32f4xx_rcc.o(.text)
    RCC_AHB3PeriphResetCmd                   0x08001e23   Thumb Code    34  stm32f4xx_rcc.o(.text)
    RCC_APB1PeriphResetCmd                   0x08001e45   Thumb Code    34  stm32f4xx_rcc.o(.text)
    RCC_APB2PeriphResetCmd                   0x08001e67   Thumb Code    34  stm32f4xx_rcc.o(.text)
    RCC_AHB1PeriphClockLPModeCmd             0x08001e89   Thumb Code    34  stm32f4xx_rcc.o(.text)
    RCC_AHB2PeriphClockLPModeCmd             0x08001eab   Thumb Code    34  stm32f4xx_rcc.o(.text)
    RCC_AHB3PeriphClockLPModeCmd             0x08001ecd   Thumb Code    34  stm32f4xx_rcc.o(.text)
    RCC_APB1PeriphClockLPModeCmd             0x08001eef   Thumb Code    34  stm32f4xx_rcc.o(.text)
    RCC_APB2PeriphClockLPModeCmd             0x08001f11   Thumb Code    34  stm32f4xx_rcc.o(.text)
    RCC_ITConfig                             0x08001f33   Thumb Code    34  stm32f4xx_rcc.o(.text)
    RCC_ClearFlag                            0x08001f55   Thumb Code    18  stm32f4xx_rcc.o(.text)
    RCC_GetITStatus                          0x08001f67   Thumb Code    22  stm32f4xx_rcc.o(.text)
    RCC_ClearITPendingBit                    0x08001f7d   Thumb Code     8  stm32f4xx_rcc.o(.text)
    USART_DeInit                             0x08001f89   Thumb Code   206  stm32f4xx_usart.o(.text)
    USART_Init                               0x08002057   Thumb Code   204  stm32f4xx_usart.o(.text)
    USART_StructInit                         0x08002123   Thumb Code    24  stm32f4xx_usart.o(.text)
    USART_ClockInit                          0x0800213b   Thumb Code    32  stm32f4xx_usart.o(.text)
    USART_ClockStructInit                    0x0800215b   Thumb Code    12  stm32f4xx_usart.o(.text)
    USART_Cmd                                0x08002167   Thumb Code    24  stm32f4xx_usart.o(.text)
    USART_SetPrescaler                       0x0800217f   Thumb Code    16  stm32f4xx_usart.o(.text)
    USART_OverSampling8Cmd                   0x0800218f   Thumb Code    22  stm32f4xx_usart.o(.text)
    USART_OneBitMethodCmd                    0x080021a5   Thumb Code    24  stm32f4xx_usart.o(.text)
    USART_SendData                           0x080021bd   Thumb Code     8  stm32f4xx_usart.o(.text)
    USART_ReceiveData                        0x080021c5   Thumb Code    10  stm32f4xx_usart.o(.text)
    USART_SetAddress                         0x080021cf   Thumb Code    18  stm32f4xx_usart.o(.text)
    USART_ReceiverWakeUpCmd                  0x080021e1   Thumb Code    24  stm32f4xx_usart.o(.text)
    USART_WakeUpConfig                       0x080021f9   Thumb Code    18  stm32f4xx_usart.o(.text)
    USART_LINBreakDetectLengthConfig         0x0800220b   Thumb Code    18  stm32f4xx_usart.o(.text)
    USART_LINCmd                             0x0800221d   Thumb Code    24  stm32f4xx_usart.o(.text)
    USART_SendBreak                          0x08002235   Thumb Code    10  stm32f4xx_usart.o(.text)
    USART_HalfDuplexCmd                      0x0800223f   Thumb Code    24  stm32f4xx_usart.o(.text)
    USART_SetGuardTime                       0x08002257   Thumb Code    16  stm32f4xx_usart.o(.text)
    USART_SmartCardCmd                       0x08002267   Thumb Code    24  stm32f4xx_usart.o(.text)
    USART_SmartCardNACKCmd                   0x0800227f   Thumb Code    24  stm32f4xx_usart.o(.text)
    USART_IrDAConfig                         0x08002297   Thumb Code    18  stm32f4xx_usart.o(.text)
    USART_IrDACmd                            0x080022a9   Thumb Code    24  stm32f4xx_usart.o(.text)
    USART_DMACmd                             0x080022c1   Thumb Code    18  stm32f4xx_usart.o(.text)
    USART_ITConfig                           0x080022d3   Thumb Code    74  stm32f4xx_usart.o(.text)
    USART_GetFlagStatus                      0x0800231d   Thumb Code    26  stm32f4xx_usart.o(.text)
    USART_ClearFlag                          0x08002337   Thumb Code    18  stm32f4xx_usart.o(.text)
    USART_GetITStatus                        0x08002349   Thumb Code   118  stm32f4xx_usart.o(.text)
    USART_ClearITPendingBit                  0x080023bf   Thumb Code    30  stm32f4xx_usart.o(.text)
    Reset_Handler                            0x080023dd   Thumb Code     8  startup_stm32f40xx.o(.text)
    ADC_IRQHandler                           0x080023f7   Thumb Code     0  startup_stm32f40xx.o(.text)
    CAN1_RX1_IRQHandler                      0x080023f7   Thumb Code     0  startup_stm32f40xx.o(.text)
    CAN1_SCE_IRQHandler                      0x080023f7   Thumb Code     0  startup_stm32f40xx.o(.text)
    CAN2_RX1_IRQHandler                      0x080023f7   Thumb Code     0  startup_stm32f40xx.o(.text)
    CAN2_SCE_IRQHandler                      0x080023f7   Thumb Code     0  startup_stm32f40xx.o(.text)
    CRYP_IRQHandler                          0x080023f7   Thumb Code     0  startup_stm32f40xx.o(.text)
    DCMI_IRQHandler                          0x080023f7   Thumb Code     0  startup_stm32f40xx.o(.text)
    DMA1_Stream0_IRQHandler                  0x080023f7   Thumb Code     0  startup_stm32f40xx.o(.text)
    DMA1_Stream1_IRQHandler                  0x080023f7   Thumb Code     0  startup_stm32f40xx.o(.text)
    DMA1_Stream2_IRQHandler                  0x080023f7   Thumb Code     0  startup_stm32f40xx.o(.text)
    DMA1_Stream3_IRQHandler                  0x080023f7   Thumb Code     0  startup_stm32f40xx.o(.text)
    DMA1_Stream4_IRQHandler                  0x080023f7   Thumb Code     0  startup_stm32f40xx.o(.text)
    DMA1_Stream6_IRQHandler                  0x080023f7   Thumb Code     0  startup_stm32f40xx.o(.text)
    DMA1_Stream7_IRQHandler                  0x080023f7   Thumb Code     0  startup_stm32f40xx.o(.text)
    DMA2_Stream0_IRQHandler                  0x080023f7   Thumb Code     0  startup_stm32f40xx.o(.text)
    DMA2_Stream1_IRQHandler                  0x080023f7   Thumb Code     0  startup_stm32f40xx.o(.text)
    DMA2_Stream2_IRQHandler                  0x080023f7   Thumb Code     0  startup_stm32f40xx.o(.text)
    DMA2_Stream3_IRQHandler                  0x080023f7   Thumb Code     0  startup_stm32f40xx.o(.text)
    DMA2_Stream4_IRQHandler                  0x080023f7   Thumb Code     0  startup_stm32f40xx.o(.text)
    DMA2_Stream5_IRQHandler                  0x080023f7   Thumb Code     0  startup_stm32f40xx.o(.text)
    DMA2_Stream6_IRQHandler                  0x080023f7   Thumb Code     0  startup_stm32f40xx.o(.text)
    DMA2_Stream7_IRQHandler                  0x080023f7   Thumb Code     0  startup_stm32f40xx.o(.text)
    ETH_IRQHandler                           0x080023f7   Thumb Code     0  startup_stm32f40xx.o(.text)
    ETH_WKUP_IRQHandler                      0x080023f7   Thumb Code     0  startup_stm32f40xx.o(.text)
    EXTI0_IRQHandler                         0x080023f7   Thumb Code     0  startup_stm32f40xx.o(.text)
    EXTI15_10_IRQHandler                     0x080023f7   Thumb Code     0  startup_stm32f40xx.o(.text)
    EXTI1_IRQHandler                         0x080023f7   Thumb Code     0  startup_stm32f40xx.o(.text)
    EXTI2_IRQHandler                         0x080023f7   Thumb Code     0  startup_stm32f40xx.o(.text)
    EXTI3_IRQHandler                         0x080023f7   Thumb Code     0  startup_stm32f40xx.o(.text)
    EXTI4_IRQHandler                         0x080023f7   Thumb Code     0  startup_stm32f40xx.o(.text)
    EXTI9_5_IRQHandler                       0x080023f7   Thumb Code     0  startup_stm32f40xx.o(.text)
    FLASH_IRQHandler                         0x080023f7   Thumb Code     0  startup_stm32f40xx.o(.text)
    FPU_IRQHandler                           0x080023f7   Thumb Code     0  startup_stm32f40xx.o(.text)
    FSMC_IRQHandler                          0x080023f7   Thumb Code     0  startup_stm32f40xx.o(.text)
    HASH_RNG_IRQHandler                      0x080023f7   Thumb Code     0  startup_stm32f40xx.o(.text)
    I2C1_ER_IRQHandler                       0x080023f7   Thumb Code     0  startup_stm32f40xx.o(.text)
    I2C1_EV_IRQHandler                       0x080023f7   Thumb Code     0  startup_stm32f40xx.o(.text)
    I2C2_ER_IRQHandler                       0x080023f7   Thumb Code     0  startup_stm32f40xx.o(.text)
    I2C2_EV_IRQHandler                       0x080023f7   Thumb Code     0  startup_stm32f40xx.o(.text)
    I2C3_ER_IRQHandler                       0x080023f7   Thumb Code     0  startup_stm32f40xx.o(.text)
    I2C3_EV_IRQHandler                       0x080023f7   Thumb Code     0  startup_stm32f40xx.o(.text)
    OTG_FS_IRQHandler                        0x080023f7   Thumb Code     0  startup_stm32f40xx.o(.text)
    OTG_FS_WKUP_IRQHandler                   0x080023f7   Thumb Code     0  startup_stm32f40xx.o(.text)
    OTG_HS_EP1_IN_IRQHandler                 0x080023f7   Thumb Code     0  startup_stm32f40xx.o(.text)
    OTG_HS_EP1_OUT_IRQHandler                0x080023f7   Thumb Code     0  startup_stm32f40xx.o(.text)
    OTG_HS_IRQHandler                        0x080023f7   Thumb Code     0  startup_stm32f40xx.o(.text)
    OTG_HS_WKUP_IRQHandler                   0x080023f7   Thumb Code     0  startup_stm32f40xx.o(.text)
    PVD_IRQHandler                           0x080023f7   Thumb Code     0  startup_stm32f40xx.o(.text)
    RCC_IRQHandler                           0x080023f7   Thumb Code     0  startup_stm32f40xx.o(.text)
    RTC_Alarm_IRQHandler                     0x080023f7   Thumb Code     0  startup_stm32f40xx.o(.text)
    RTC_WKUP_IRQHandler                      0x080023f7   Thumb Code     0  startup_stm32f40xx.o(.text)
    SDIO_IRQHandler                          0x080023f7   Thumb Code     0  startup_stm32f40xx.o(.text)
    SPI1_IRQHandler                          0x080023f7   Thumb Code     0  startup_stm32f40xx.o(.text)
    SPI2_IRQHandler                          0x080023f7   Thumb Code     0  startup_stm32f40xx.o(.text)
    SPI3_IRQHandler                          0x080023f7   Thumb Code     0  startup_stm32f40xx.o(.text)
    TAMP_STAMP_IRQHandler                    0x080023f7   Thumb Code     0  startup_stm32f40xx.o(.text)
    TIM1_BRK_TIM9_IRQHandler                 0x080023f7   Thumb Code     0  startup_stm32f40xx.o(.text)
    TIM1_CC_IRQHandler                       0x080023f7   Thumb Code     0  startup_stm32f40xx.o(.text)
    TIM1_TRG_COM_TIM11_IRQHandler            0x080023f7   Thumb Code     0  startup_stm32f40xx.o(.text)
    TIM1_UP_TIM10_IRQHandler                 0x080023f7   Thumb Code     0  startup_stm32f40xx.o(.text)
    TIM2_IRQHandler                          0x080023f7   Thumb Code     0  startup_stm32f40xx.o(.text)
    TIM3_IRQHandler                          0x080023f7   Thumb Code     0  startup_stm32f40xx.o(.text)
    TIM4_IRQHandler                          0x080023f7   Thumb Code     0  startup_stm32f40xx.o(.text)
    TIM5_IRQHandler                          0x080023f7   Thumb Code     0  startup_stm32f40xx.o(.text)
    TIM6_DAC_IRQHandler                      0x080023f7   Thumb Code     0  startup_stm32f40xx.o(.text)
    TIM7_IRQHandler                          0x080023f7   Thumb Code     0  startup_stm32f40xx.o(.text)
    TIM8_BRK_TIM12_IRQHandler                0x080023f7   Thumb Code     0  startup_stm32f40xx.o(.text)
    TIM8_CC_IRQHandler                       0x080023f7   Thumb Code     0  startup_stm32f40xx.o(.text)
    TIM8_TRG_COM_TIM14_IRQHandler            0x080023f7   Thumb Code     0  startup_stm32f40xx.o(.text)
    TIM8_UP_TIM13_IRQHandler                 0x080023f7   Thumb Code     0  startup_stm32f40xx.o(.text)
    UART4_IRQHandler                         0x080023f7   Thumb Code     0  startup_stm32f40xx.o(.text)
    UART5_IRQHandler                         0x080023f7   Thumb Code     0  startup_stm32f40xx.o(.text)
    USART1_IRQHandler                        0x080023f7   Thumb Code     0  startup_stm32f40xx.o(.text)
    USART2_IRQHandler                        0x080023f7   Thumb Code     0  startup_stm32f40xx.o(.text)
    USART3_IRQHandler                        0x080023f7   Thumb Code     0  startup_stm32f40xx.o(.text)
    USART6_IRQHandler                        0x080023f7   Thumb Code     0  startup_stm32f40xx.o(.text)
    WWDG_IRQHandler                          0x080023f7   Thumb Code     0  startup_stm32f40xx.o(.text)
    __user_initial_stackheap                 0x080023f9   Thumb Code     0  startup_stm32f40xx.o(.text)
    SystemInit                               0x080024f9   Thumb Code    88  system_stm32f4xx.o(.text)
    SystemCoreClockUpdate                    0x08002551   Thumb Code   174  system_stm32f4xx.o(.text)
    CAN_DeInit                               0x0800262d   Thumb Code    50  stm32f4xx_can.o(.text)
    CAN_Init                                 0x0800265f   Thumb Code   276  stm32f4xx_can.o(.text)
    CAN_FilterInit                           0x08002773   Thumb Code   258  stm32f4xx_can.o(.text)
    CAN_StructInit                           0x08002875   Thumb Code    32  stm32f4xx_can.o(.text)
    CAN_SlaveStartBank                       0x08002895   Thumb Code    48  stm32f4xx_can.o(.text)
    CAN_DBGFreeze                            0x080028c5   Thumb Code    22  stm32f4xx_can.o(.text)
    CAN_TTComModeCmd                         0x080028db   Thumb Code   118  stm32f4xx_can.o(.text)
    CAN_Transmit                             0x08002951   Thumb Code   304  stm32f4xx_can.o(.text)
    CAN_TransmitStatus                       0x08002a81   Thumb Code   138  stm32f4xx_can.o(.text)
    CAN_CancelTransmit                       0x08002b0b   Thumb Code    48  stm32f4xx_can.o(.text)
    CAN_Receive                              0x08002b3b   Thumb Code   240  stm32f4xx_can.o(.text)
    CAN_FIFORelease                          0x08002c2b   Thumb Code    22  stm32f4xx_can.o(.text)
    CAN_MessagePending                       0x08002c41   Thumb Code    30  stm32f4xx_can.o(.text)
    CAN_OperatingModeRequest                 0x08002c5f   Thumb Code   162  stm32f4xx_can.o(.text)
    CAN_Sleep                                0x08002d01   Thumb Code    30  stm32f4xx_can.o(.text)
    CAN_WakeUp                               0x08002d1f   Thumb Code    48  stm32f4xx_can.o(.text)
    CAN_GetLastErrorCode                     0x08002d4f   Thumb Code    12  stm32f4xx_can.o(.text)
    CAN_GetReceiveErrorCounter               0x08002d5b   Thumb Code    10  stm32f4xx_can.o(.text)
    CAN_GetLSBTransmitErrorCounter           0x08002d65   Thumb Code    12  stm32f4xx_can.o(.text)
    CAN_ITConfig                             0x08002d71   Thumb Code    18  stm32f4xx_can.o(.text)
    CAN_GetFlagStatus                        0x08002d83   Thumb Code   120  stm32f4xx_can.o(.text)
    CAN_ClearFlag                            0x08002dfb   Thumb Code    52  stm32f4xx_can.o(.text)
    CAN_GetITStatus                          0x08002e41   Thumb Code   310  stm32f4xx_can.o(.text)
    CAN_ClearITPendingBit                    0x08002f77   Thumb Code   162  stm32f4xx_can.o(.text)
    DMA_DeInit                               0x0800301d   Thumb Code   324  stm32f4xx_dma.o(.text)
    DMA_Init                                 0x08003161   Thumb Code    82  stm32f4xx_dma.o(.text)
    DMA_StructInit                           0x080031b3   Thumb Code    34  stm32f4xx_dma.o(.text)
    DMA_Cmd                                  0x080031d5   Thumb Code    22  stm32f4xx_dma.o(.text)
    DMA_PeriphIncOffsetSizeConfig            0x080031eb   Thumb Code    22  stm32f4xx_dma.o(.text)
    DMA_FlowControllerConfig                 0x08003201   Thumb Code    22  stm32f4xx_dma.o(.text)
    DMA_SetCurrDataCounter                   0x08003217   Thumb Code     4  stm32f4xx_dma.o(.text)
    DMA_GetCurrDataCounter                   0x0800321b   Thumb Code     8  stm32f4xx_dma.o(.text)
    DMA_DoubleBufferModeConfig               0x08003223   Thumb Code    24  stm32f4xx_dma.o(.text)
    DMA_DoubleBufferModeCmd                  0x0800323b   Thumb Code    22  stm32f4xx_dma.o(.text)
    DMA_MemoryTargetConfig                   0x08003251   Thumb Code    10  stm32f4xx_dma.o(.text)
    DMA_GetCurrentMemoryTarget               0x0800325b   Thumb Code    20  stm32f4xx_dma.o(.text)
    DMA_GetCmdStatus                         0x0800326f   Thumb Code    20  stm32f4xx_dma.o(.text)
    DMA_GetFIFOStatus                        0x08003283   Thumb Code    12  stm32f4xx_dma.o(.text)
    DMA_GetFlagStatus                        0x0800328f   Thumb Code    56  stm32f4xx_dma.o(.text)
    DMA_ClearFlag                            0x080032c7   Thumb Code    40  stm32f4xx_dma.o(.text)
    DMA_ITConfig                             0x080032ef   Thumb Code    58  stm32f4xx_dma.o(.text)
    DMA_GetITStatus                          0x08003329   Thumb Code    84  stm32f4xx_dma.o(.text)
    DMA_ClearITPendingBit                    0x0800337d   Thumb Code    40  stm32f4xx_dma.o(.text)
    _sys_exit                                0x080033c5   Thumb Code     8  usart.o(.text)
    fputc                                    0x080033cd   Thumb Code    22  usart.o(.text)
    uart_init                                0x080033e3   Thumb Code     2  usart.o(.text)
    IIC_Init                                 0x080033e9   Thumb Code    60  myiic.o(.text)
    IIC_Start                                0x08003425   Thumb Code    68  myiic.o(.text)
    IIC_Stop                                 0x08003469   Thumb Code    62  myiic.o(.text)
    IIC_Wait_Ack                             0x080034a7   Thumb Code    82  myiic.o(.text)
    IIC_Ack                                  0x080034f9   Thumb Code    66  myiic.o(.text)
    IIC_NAck                                 0x0800353b   Thumb Code    66  myiic.o(.text)
    IIC_Send_Byte                            0x0800357d   Thumb Code    90  myiic.o(.text)
    IIC_Read_Byte                            0x080035d7   Thumb Code    94  myiic.o(.text)
    MPU_Write_Byte                           0x08003641   Thumb Code    68  mpu6050.o(.text)
    MPU_Set_LPF                              0x08003685   Thumb Code    58  mpu6050.o(.text)
    MPU_Set_Rate                             0x080036bf   Thumb Code    58  mpu6050.o(.text)
    MPU_Read_Byte                            0x080036f9   Thumb Code    58  mpu6050.o(.text)
    MPU_Set_Accel_Fsr                        0x08003733   Thumb Code    16  mpu6050.o(.text)
    MPU_Set_Gyro_Fsr                         0x08003743   Thumb Code    16  mpu6050.o(.text)
    MPU_Init                                 0x08003753   Thumb Code   122  mpu6050.o(.text)
    MPU_Read_Len                             0x080037cd   Thumb Code   116  mpu6050.o(.text)
    MPU_Get_Temperature                      0x08003841   Thumb Code   110  mpu6050.o(.text)
    MPU_Get_Gyroscope                        0x080038af   Thumb Code    80  mpu6050.o(.text)
    MPU_Get_Accelerometer                    0x080038ff   Thumb Code    80  mpu6050.o(.text)
    MPU_Write_Len                            0x0800394f   Thumb Code    96  mpu6050.o(.text)
    mpu_reg_dump                             0x08003a4f   Thumb Code    84  inv_mpu.o(.text)
    mpu_read_reg                             0x08003aa3   Thumb Code    66  inv_mpu.o(.text)
    mpu_set_int_latched                      0x08003ae5   Thumb Code   102  inv_mpu.o(.text)
    mpu_set_sensors                          0x08003b4b   Thumb Code   202  inv_mpu.o(.text)
    mpu_set_bypass                           0x08003c15   Thumb Code   328  inv_mpu.o(.text)
    mpu_reset_fifo                           0x08003d5d   Thumb Code   472  inv_mpu.o(.text)
    mpu_configure_fifo                       0x08003f35   Thumb Code   106  inv_mpu.o(.text)
    mpu_set_lpf                              0x08003f9f   Thumb Code   126  inv_mpu.o(.text)
    mpu_lp_accel_mode                        0x0800401d   Thumb Code   218  inv_mpu.o(.text)
    mpu_set_sample_rate                      0x080040f7   Thumb Code   152  inv_mpu.o(.text)
    mpu_set_accel_fsr                        0x0800418f   Thumb Code   132  inv_mpu.o(.text)
    mpu_set_gyro_fsr                         0x08004213   Thumb Code   132  inv_mpu.o(.text)
    mpu_init                                 0x08004297   Thumb Code   416  inv_mpu.o(.text)
    mget_ms                                  0x08004437   Thumb Code     2  inv_mpu.o(.text)
    mpu_get_gyro_reg                         0x08004439   Thumb Code   110  inv_mpu.o(.text)
    mpu_get_accel_reg                        0x080044a7   Thumb Code   110  inv_mpu.o(.text)
    mpu_get_temperature                      0x08004515   Thumb Code   142  inv_mpu.o(.text)
    mpu_set_accel_bias                       0x080045a3   Thumb Code   472  inv_mpu.o(.text)
    mpu_get_gyro_fsr                         0x0800477b   Thumb Code    64  inv_mpu.o(.text)
    mpu_get_accel_fsr                        0x080047bb   Thumb Code    72  inv_mpu.o(.text)
    mpu_get_lpf                              0x08004803   Thumb Code    74  inv_mpu.o(.text)
    mpu_get_sample_rate                      0x0800484d   Thumb Code    26  inv_mpu.o(.text)
    mpu_get_compass_sample_rate              0x08004867   Thumb Code    10  inv_mpu.o(.text)
    mpu_set_compass_sample_rate              0x08004871   Thumb Code     8  inv_mpu.o(.text)
    mpu_get_gyro_sens                        0x08004879   Thumb Code    74  inv_mpu.o(.text)
    mpu_get_accel_sens                       0x080048c3   Thumb Code    78  inv_mpu.o(.text)
    mpu_get_fifo_config                      0x08004911   Thumb Code    12  inv_mpu.o(.text)
    mpu_get_power_state                      0x0800491d   Thumb Code    22  inv_mpu.o(.text)
    mpu_get_int_status                       0x08004933   Thumb Code    64  inv_mpu.o(.text)
    mpu_read_fifo                            0x08004973   Thumb Code   520  inv_mpu.o(.text)
    mpu_read_fifo_stream                     0x08004b7b   Thumb Code   186  inv_mpu.o(.text)
    mpu_set_int_level                        0x08004c35   Thumb Code    12  inv_mpu.o(.text)
    mpu_set_dmp_state                        0x08005345   Thumb Code   138  inv_mpu.o(.text)
    mpu_run_self_test                        0x080053cf   Thumb Code   278  inv_mpu.o(.text)
    mpu_write_mem                            0x080054e5   Thumb Code   122  inv_mpu.o(.text)
    mpu_read_mem                             0x0800555f   Thumb Code   122  inv_mpu.o(.text)
    mpu_load_firmware                        0x080055d9   Thumb Code   190  inv_mpu.o(.text)
    mpu_get_dmp_state                        0x08005697   Thumb Code    14  inv_mpu.o(.text)
    setup_compass                            0x080056a5   Thumb Code     6  inv_mpu.o(.text)
    mpu_get_compass_reg                      0x080056ab   Thumb Code     8  inv_mpu.o(.text)
    mpu_get_compass_fsr                      0x080056b3   Thumb Code     8  inv_mpu.o(.text)
    mpu_lp_motion_interrupt                  0x080056bb   Thumb Code   512  inv_mpu.o(.text)
    run_self_test                            0x080058bb   Thumb Code   158  inv_mpu.o(.text)
    inv_row_2_scale                          0x08005959   Thumb Code    78  inv_mpu.o(.text)
    inv_orientation_matrix_to_scalar         0x080059a7   Thumb Code    40  inv_mpu.o(.text)
    mpu_dmp_init                             0x080059cf   Thumb Code   166  inv_mpu.o(.text)
    mpu_dmp_get_data                         0x08005a75   Thumb Code   520  inv_mpu.o(.text)
    dmp_load_motion_driver_firmware          0x08005c91   Thumb Code    20  inv_mpu_dmp_motion_driver.o(.text)
    dmp_set_orientation                      0x08005ca5   Thumb Code   290  inv_mpu_dmp_motion_driver.o(.text)
    dmp_set_gyro_bias                        0x08005dc7   Thumb Code   294  inv_mpu_dmp_motion_driver.o(.text)
    dmp_set_accel_bias                       0x08005eed   Thumb Code   300  inv_mpu_dmp_motion_driver.o(.text)
    dmp_set_fifo_rate                        0x08006019   Thumb Code   136  inv_mpu_dmp_motion_driver.o(.text)
    dmp_get_fifo_rate                        0x080060a1   Thumb Code    12  inv_mpu_dmp_motion_driver.o(.text)
    dmp_set_tap_thresh                       0x080060ad   Thumb Code   412  inv_mpu_dmp_motion_driver.o(.text)
    dmp_set_tap_axes                         0x08006249   Thumb Code    70  inv_mpu_dmp_motion_driver.o(.text)
    dmp_set_tap_count                        0x0800628f   Thumb Code    38  inv_mpu_dmp_motion_driver.o(.text)
    dmp_set_tap_time                         0x080062b5   Thumb Code    38  inv_mpu_dmp_motion_driver.o(.text)
    dmp_set_tap_time_multi                   0x080062db   Thumb Code    38  inv_mpu_dmp_motion_driver.o(.text)
    dmp_set_shake_reject_thresh              0x08006301   Thumb Code    56  inv_mpu_dmp_motion_driver.o(.text)
    dmp_set_shake_reject_time                0x08006339   Thumb Code    38  inv_mpu_dmp_motion_driver.o(.text)
    dmp_set_shake_reject_timeout             0x0800635f   Thumb Code    38  inv_mpu_dmp_motion_driver.o(.text)
    dmp_get_pedometer_step_count             0x08006385   Thumb Code    66  inv_mpu_dmp_motion_driver.o(.text)
    dmp_set_pedometer_step_count             0x080063c7   Thumb Code    42  inv_mpu_dmp_motion_driver.o(.text)
    dmp_get_pedometer_walk_time              0x080063f1   Thumb Code    72  inv_mpu_dmp_motion_driver.o(.text)
    dmp_set_pedometer_walk_time              0x08006439   Thumb Code    48  inv_mpu_dmp_motion_driver.o(.text)
    dmp_enable_6x_lp_quat                    0x08006469   Thumb Code   100  inv_mpu_dmp_motion_driver.o(.text)
    dmp_enable_lp_quat                       0x080064cd   Thumb Code    60  inv_mpu_dmp_motion_driver.o(.text)
    dmp_enable_gyro_cal                      0x08006509   Thumb Code    62  inv_mpu_dmp_motion_driver.o(.text)
    dmp_enable_feature                       0x08006547   Thumb Code   530  inv_mpu_dmp_motion_driver.o(.text)
    dmp_get_enabled_features                 0x08006759   Thumb Code    12  inv_mpu_dmp_motion_driver.o(.text)
    dmp_set_interrupt_mode                   0x080067c3   Thumb Code    66  inv_mpu_dmp_motion_driver.o(.text)
    dmp_read_fifo                            0x08006805   Thumb Code   514  inv_mpu_dmp_motion_driver.o(.text)
    dmp_register_tap_cb                      0x08006a07   Thumb Code    10  inv_mpu_dmp_motion_driver.o(.text)
    dmp_register_android_orient_cb           0x08006a11   Thumb Code    10  inv_mpu_dmp_motion_driver.o(.text)
    __use_no_semihosting                     0x08006a21   Thumb Code     2  use_no_semi_2.o(.text)
    __aeabi_ldivmod                          0x08006a23   Thumb Code     0  llsdiv.o(.text)
    _ll_sdiv                                 0x08006a23   Thumb Code    72  llsdiv.o(.text)
    __2printf                                0x08006a6d   Thumb Code    20  noretval__2printf.o(.text)
    _printf_pre_padding                      0x08006a85   Thumb Code    44  _printf_pad.o(.text)
    _printf_post_padding                     0x08006ab1   Thumb Code    34  _printf_pad.o(.text)
    _printf_int_dec                          0x08006ad5   Thumb Code   104  _printf_dec.o(.text)
    _printf_int_hex                          0x08006b4d   Thumb Code    84  _printf_hex_int.o(.text)
    _printf_longlong_hex                     0x08006b4d   Thumb Code     0  _printf_hex_int.o(.text)
    __printf                                 0x08006ba5   Thumb Code   308  __printf_flags_wp.o(.text)
    memcmp                                   0x08006cdd   Thumb Code    88  memcmp.o(.text)
    __aeabi_memcpy4                          0x08006d35   Thumb Code     0  rt_memcpy_w.o(.text)
    __aeabi_memcpy8                          0x08006d35   Thumb Code     0  rt_memcpy_w.o(.text)
    __rt_memcpy_w                            0x08006d35   Thumb Code   100  rt_memcpy_w.o(.text)
    _memcpy_lastbytes_aligned                0x08006d7d   Thumb Code     0  rt_memcpy_w.o(.text)
    __aeabi_memset                           0x08006d99   Thumb Code    16  aeabi_memset.o(.text)
    __use_two_region_memory                  0x08006da9   Thumb Code     2  heapauxi.o(.text)
    __rt_heap_escrow$2region                 0x08006dab   Thumb Code     2  heapauxi.o(.text)
    __rt_heap_expand$2region                 0x08006dad   Thumb Code     2  heapauxi.o(.text)
    __I$use$semihosting                      0x08006daf   Thumb Code     0  use_no_semi.o(.text)
    __use_no_semihosting_swi                 0x08006daf   Thumb Code     2  use_no_semi.o(.text)
    __aeabi_uldivmod                         0x08006db1   Thumb Code     0  lludivv7m.o(.text)
    _ll_udiv                                 0x08006db1   Thumb Code   238  lludivv7m.o(.text)
    __read_errno                             0x08006e9f   Thumb Code    10  _rserrno.o(.text)
    __set_errno                              0x08006ea9   Thumb Code    12  _rserrno.o(.text)
    _printf_int_common                       0x08006eb5   Thumb Code   178  _printf_intcommon.o(.text)
    _printf_char_file                        0x08006f69   Thumb Code    32  _printf_char_file.o(.text)
    __aeabi_memclr                           0x08006f8d   Thumb Code     0  rt_memclr.o(.text)
    __rt_memclr                              0x08006f8d   Thumb Code    68  rt_memclr.o(.text)
    _memset                                  0x08006f91   Thumb Code     0  rt_memclr.o(.text)
    __aeabi_errno_addr                       0x08006fd1   Thumb Code     8  rt_errno_addr_intlibspace.o(.text)
    __errno$intlibspace                      0x08006fd1   Thumb Code     0  rt_errno_addr_intlibspace.o(.text)
    __rt_errno_addr$intlibspace              0x08006fd1   Thumb Code     0  rt_errno_addr_intlibspace.o(.text)
    _printf_char_common                      0x08006fe3   Thumb Code    32  _printf_char_common.o(.text)
    ferror                                   0x08007009   Thumb Code     8  ferror.o(.text)
    __aeabi_memclr4                          0x08007011   Thumb Code     0  rt_memclr_w.o(.text)
    __aeabi_memclr8                          0x08007011   Thumb Code     0  rt_memclr_w.o(.text)
    __rt_memclr_w                            0x08007011   Thumb Code    78  rt_memclr_w.o(.text)
    _memset_w                                0x08007015   Thumb Code     0  rt_memclr_w.o(.text)
    __user_libspace                          0x08007061   Thumb Code     8  libspace.o(.text)
    __user_perproc_libspace                  0x08007061   Thumb Code     0  libspace.o(.text)
    __user_perthread_libspace                0x08007061   Thumb Code     0  libspace.o(.text)
    __user_setup_stackheap                   0x08007069   Thumb Code    74  sys_stackheap_outer.o(.text)
    exit                                     0x080070b3   Thumb Code    12  exit.o(.text)
    __ARM_fpclassify                         0x080070bf   Thumb Code    48  fpclassify.o(i.__ARM_fpclassify)
    __hardfp_asin                            0x080070f1   Thumb Code   770  asin.o(i.__hardfp_asin)
    __hardfp_atan                            0x08007451   Thumb Code   622  atan.o(i.__hardfp_atan)
    __hardfp_atan2                           0x08007729   Thumb Code   432  atan2.o(i.__hardfp_atan2)
    __kernel_poly                            0x08007919   Thumb Code   248  poly.o(i.__kernel_poly)
    __mathlib_dbl_infnan                     0x08007a11   Thumb Code    20  dunder.o(i.__mathlib_dbl_infnan)
    __mathlib_dbl_infnan2                    0x08007a25   Thumb Code    20  dunder.o(i.__mathlib_dbl_infnan2)
    __mathlib_dbl_invalid                    0x08007a39   Thumb Code    24  dunder.o(i.__mathlib_dbl_invalid)
    __mathlib_dbl_underflow                  0x08007a59   Thumb Code    24  dunder.o(i.__mathlib_dbl_underflow)
    _is_digit                                0x08007a79   Thumb Code    14  __printf_wp.o(i._is_digit)
    atan                                     0x08007a87   Thumb Code    16  atan.o(i.atan)
    fabs                                     0x08007a97   Thumb Code    24  fabs.o(i.fabs)
    sqrt                                     0x08007aaf   Thumb Code   110  sqrt.o(i.sqrt)
    __aeabi_dneg                             0x08007b1d   Thumb Code     0  basic.o(x$fpl$basic)
    _dneg                                    0x08007b1d   Thumb Code     6  basic.o(x$fpl$basic)
    __aeabi_fneg                             0x08007b23   Thumb Code     0  basic.o(x$fpl$basic)
    _fneg                                    0x08007b23   Thumb Code     6  basic.o(x$fpl$basic)
    _dabs                                    0x08007b29   Thumb Code     6  basic.o(x$fpl$basic)
    _fabs                                    0x08007b2f   Thumb Code     6  basic.o(x$fpl$basic)
    __aeabi_d2f                              0x08007b35   Thumb Code     0  d2f.o(x$fpl$d2f)
    _d2f                                     0x08007b35   Thumb Code    98  d2f.o(x$fpl$d2f)
    __aeabi_dadd                             0x08007b99   Thumb Code     0  daddsub_clz.o(x$fpl$dadd)
    _dadd                                    0x08007b99   Thumb Code   332  daddsub_clz.o(x$fpl$dadd)
    __aeabi_ddiv                             0x08007ce9   Thumb Code     0  ddiv.o(x$fpl$ddiv)
    _ddiv                                    0x08007ce9   Thumb Code   552  ddiv.o(x$fpl$ddiv)
    __aeabi_i2d                              0x08007f99   Thumb Code     0  dflt_clz.o(x$fpl$dflt)
    _dflt                                    0x08007f99   Thumb Code    46  dflt_clz.o(x$fpl$dflt)
    __aeabi_dmul                             0x08007fc9   Thumb Code     0  dmul.o(x$fpl$dmul)
    _dmul                                    0x08007fc9   Thumb Code   332  dmul.o(x$fpl$dmul)
    __fpl_dnaninf                            0x0800811d   Thumb Code   156  dnaninf.o(x$fpl$dnaninf)
    __fpl_dretinf                            0x080081b9   Thumb Code    12  dretinf.o(x$fpl$dretinf)
    __aeabi_drsub                            0x080081c5   Thumb Code     0  daddsub_clz.o(x$fpl$drsb)
    _drsb                                    0x080081c5   Thumb Code    22  daddsub_clz.o(x$fpl$drsb)
    _dsqrt                                   0x080081dd   Thumb Code   404  dsqrt_umaal.o(x$fpl$dsqrt)
    __aeabi_dsub                             0x08008375   Thumb Code     0  daddsub_clz.o(x$fpl$dsub)
    _dsub                                    0x08008375   Thumb Code   464  daddsub_clz.o(x$fpl$dsub)
    __aeabi_f2d                              0x08008549   Thumb Code     0  f2d.o(x$fpl$f2d)
    _f2d                                     0x08008549   Thumb Code    86  f2d.o(x$fpl$f2d)
    __fpl_fnaninf                            0x0800859f   Thumb Code   140  fnaninf.o(x$fpl$fnaninf)
    _fp_init                                 0x0800862b   Thumb Code    10  fpinit.o(x$fpl$fpinit)
    __fplib_config_fpu_vfp                   0x08008633   Thumb Code     0  fpinit.o(x$fpl$fpinit)
    __fplib_config_pureend_doubles           0x08008633   Thumb Code     0  fpinit.o(x$fpl$fpinit)
    __fpl_fretinf                            0x08008635   Thumb Code    10  fretinf.o(x$fpl$fretinf)
    CRC8_INIT                                0x0800863e   Data           1  crc.o(.constdata)
    __I$use$fp                               0x0800863e   Number         0  usenofp.o(x$fpl$usenofp)
    CRC8_TAB                                 0x0800863f   Data         256  crc.o(.constdata)
    wCRC_Table                               0x08008740   Data         512  crc.o(.constdata)
    reg                                      0x0800c3c0   Data          27  inv_mpu.o(.constdata)
    hw                                       0x0800c3dc   Data          12  inv_mpu.o(.constdata)
    test                                     0x0800c3e8   Data          40  inv_mpu.o(.constdata)
    __mathlib_zero                           0x0800d128   Data           8  qnan.o(.constdata)
    Region$$Table$$Base                      0x0800d180   Number         0  anon$$obj.o(Region$$Table)
    Region$$Table$$Limit                     0x0800d1a0   Number         0  anon$$obj.o(Region$$Table)
    Remote_time                              0x20000000   Data           4  main.o(.data)
    sysTickUptime                            0x20000004   Data           4  stm32f4xx_it.o(.data)
    currentTime                              0x2000000c   Data           4  system.o(.data)
    loopTime_1ms                             0x20000010   Data           4  system.o(.data)
    previousTime                             0x20000014   Data           4  system.o(.data)
    cycleTime                                0x20000018   Data           2  system.o(.data)
    gyrox                                    0x2000001a   Data           2  system.o(.data)
    gyroy                                    0x2000001c   Data           2  system.o(.data)
    gyroz                                    0x2000001e   Data           2  system.o(.data)
    pitch                                    0x20000020   Data           4  system.o(.data)
    roll                                     0x20000024   Data           4  system.o(.data)
    yaw                                      0x20000028   Data           4  system.o(.data)
    yaw_10                                   0x2000002c   Data           4  system.o(.data)
    SystemMonitor                            0x20000030   Data           4  system.o(.data)
    pass_num                                 0x20000034   Data           4  system.o(.data)
    pass_flag                                0x20000038   Data           1  system.o(.data)
    hahaha                                   0x20000039   Data           1  system.o(.data)
    Key_Flag                                 0x2000004c   Data           1  control.o(.data)
    CRC_INIT                                 0x2000004e   Data           2  crc.o(.data)
    i0                                       0x20000050   Data           4  clock.o(.data)
    j0                                       0x20000054   Data           4  clock.o(.data)
    i                                        0x20000058   Data           4  clock.o(.data)
    j                                        0x2000005c   Data           4  clock.o(.data)
    debug0                                   0x20000060   Data           4  clock.o(.data)
    debug1                                   0x20000064   Data           4  clock.o(.data)
    debug3                                   0x20000068   Data           4  clock.o(.data)
    debug4                                   0x2000006c   Data           4  clock.o(.data)
    SystemCoreClock                          0x20000080   Data           4  system_stm32f4xx.o(.data)
    AHBPrescTable                            0x20000084   Data          16  system_stm32f4xx.o(.data)
    __stdout                                 0x20000094   Data           4  usart.o(.data)
    sbus_rx_buffer                           0x200000d0   Data          25  usart2.o(.bss)
    RC_Ctl                                   0x200000ea   Data          20  usart2.o(.bss)
    __libspace_start                         0x20000110   Data          96  libspace.o(.bss)
    __temporary_stack_top$libspace           0x20000170   Data           0  libspace.o(.bss)



==============================================================================

Memory Map of the image

  Image Entry point : 0x08000189

  Load Region LR_IROM1 (Base: 0x08000000, Size: 0x0000d270, Max: 0x00100000, ABSOLUTE)

    Execution Region ER_IROM1 (Base: 0x08000000, Size: 0x0000d1a0, Max: 0x00100000, ABSOLUTE)

    Base Addr    Size         Type   Attr      Idx    E Section Name        Object

    0x08000000   0x00000188   Data   RO          513    RESET               startup_stm32f40xx.o
    0x08000188   0x00000008   Code   RO          909  * !!!main             c_w.l(__main.o)
    0x08000190   0x00000034   Code   RO         1215    !!!scatter          c_w.l(__scatter.o)
    0x080001c4   0x0000001a   Code   RO         1217    !!handler_copy      c_w.l(__scatter_copy.o)
    0x080001de   0x00000002   PAD
    0x080001e0   0x0000001c   Code   RO         1219    !!handler_zi        c_w.l(__scatter_zi.o)
    0x080001fc   0x00000000   Code   RO          900    .ARM.Collect$$_printf_percent$$00000000  c_w.l(_printf_percent.o)
    0x080001fc   0x00000006   Code   RO          899    .ARM.Collect$$_printf_percent$$00000009  c_w.l(_printf_d.o)
    0x08000202   0x00000006   Code   RO          898    .ARM.Collect$$_printf_percent$$0000000C  c_w.l(_printf_x.o)
    0x08000208   0x00000004   Code   RO          970    .ARM.Collect$$_printf_percent$$00000017  c_w.l(_printf_percent_end.o)
    0x0800020c   0x00000002   Code   RO         1087    .ARM.Collect$$libinit$$00000000  c_w.l(libinit.o)
    0x0800020e   0x00000004   Code   RO         1096    .ARM.Collect$$libinit$$00000001  c_w.l(libinit2.o)
    0x08000212   0x00000000   Code   RO         1099    .ARM.Collect$$libinit$$00000004  c_w.l(libinit2.o)
    0x08000212   0x00000000   Code   RO         1102    .ARM.Collect$$libinit$$0000000A  c_w.l(libinit2.o)
    0x08000212   0x00000000   Code   RO         1104    .ARM.Collect$$libinit$$0000000C  c_w.l(libinit2.o)
    0x08000212   0x00000000   Code   RO         1106    .ARM.Collect$$libinit$$0000000E  c_w.l(libinit2.o)
    0x08000212   0x00000000   Code   RO         1109    .ARM.Collect$$libinit$$00000011  c_w.l(libinit2.o)
    0x08000212   0x00000000   Code   RO         1111    .ARM.Collect$$libinit$$00000013  c_w.l(libinit2.o)
    0x08000212   0x00000000   Code   RO         1113    .ARM.Collect$$libinit$$00000015  c_w.l(libinit2.o)
    0x08000212   0x00000000   Code   RO         1115    .ARM.Collect$$libinit$$00000017  c_w.l(libinit2.o)
    0x08000212   0x00000000   Code   RO         1117    .ARM.Collect$$libinit$$00000019  c_w.l(libinit2.o)
    0x08000212   0x00000000   Code   RO         1119    .ARM.Collect$$libinit$$0000001B  c_w.l(libinit2.o)
    0x08000212   0x00000000   Code   RO         1121    .ARM.Collect$$libinit$$0000001D  c_w.l(libinit2.o)
    0x08000212   0x00000000   Code   RO         1123    .ARM.Collect$$libinit$$0000001F  c_w.l(libinit2.o)
    0x08000212   0x00000000   Code   RO         1125    .ARM.Collect$$libinit$$00000021  c_w.l(libinit2.o)
    0x08000212   0x00000000   Code   RO         1127    .ARM.Collect$$libinit$$00000023  c_w.l(libinit2.o)
    0x08000212   0x00000000   Code   RO         1129    .ARM.Collect$$libinit$$00000025  c_w.l(libinit2.o)
    0x08000212   0x00000000   Code   RO         1133    .ARM.Collect$$libinit$$0000002C  c_w.l(libinit2.o)
    0x08000212   0x00000000   Code   RO         1135    .ARM.Collect$$libinit$$0000002E  c_w.l(libinit2.o)
    0x08000212   0x00000000   Code   RO         1137    .ARM.Collect$$libinit$$00000030  c_w.l(libinit2.o)
    0x08000212   0x00000000   Code   RO         1139    .ARM.Collect$$libinit$$00000032  c_w.l(libinit2.o)
    0x08000212   0x00000002   Code   RO         1140    .ARM.Collect$$libinit$$00000033  c_w.l(libinit2.o)
    0x08000214   0x00000002   Code   RO         1168    .ARM.Collect$$libshutdown$$00000000  c_w.l(libshutdown.o)
    0x08000216   0x00000000   Code   RO         1183    .ARM.Collect$$libshutdown$$00000003  c_w.l(libshutdown2.o)
    0x08000216   0x00000000   Code   RO         1186    .ARM.Collect$$libshutdown$$00000006  c_w.l(libshutdown2.o)
    0x08000216   0x00000000   Code   RO         1189    .ARM.Collect$$libshutdown$$00000009  c_w.l(libshutdown2.o)
    0x08000216   0x00000000   Code   RO         1191    .ARM.Collect$$libshutdown$$0000000B  c_w.l(libshutdown2.o)
    0x08000216   0x00000000   Code   RO         1194    .ARM.Collect$$libshutdown$$0000000E  c_w.l(libshutdown2.o)
    0x08000216   0x00000002   Code   RO         1195    .ARM.Collect$$libshutdown$$0000000F  c_w.l(libshutdown2.o)
    0x08000218   0x00000000   Code   RO          961    .ARM.Collect$$rtentry$$00000000  c_w.l(__rtentry.o)
    0x08000218   0x00000000   Code   RO         1036    .ARM.Collect$$rtentry$$00000002  c_w.l(__rtentry2.o)
    0x08000218   0x00000006   Code   RO         1048    .ARM.Collect$$rtentry$$00000004  c_w.l(__rtentry4.o)
    0x0800021e   0x00000000   Code   RO         1038    .ARM.Collect$$rtentry$$00000009  c_w.l(__rtentry2.o)
    0x0800021e   0x00000004   Code   RO         1039    .ARM.Collect$$rtentry$$0000000A  c_w.l(__rtentry2.o)
    0x08000222   0x00000000   Code   RO         1041    .ARM.Collect$$rtentry$$0000000C  c_w.l(__rtentry2.o)
    0x08000222   0x00000008   Code   RO         1042    .ARM.Collect$$rtentry$$0000000D  c_w.l(__rtentry2.o)
    0x0800022a   0x00000002   Code   RO         1090    .ARM.Collect$$rtexit$$00000000  c_w.l(rtexit.o)
    0x0800022c   0x00000000   Code   RO         1142    .ARM.Collect$$rtexit$$00000002  c_w.l(rtexit2.o)
    0x0800022c   0x00000004   Code   RO         1143    .ARM.Collect$$rtexit$$00000003  c_w.l(rtexit2.o)
    0x08000230   0x00000006   Code   RO         1144    .ARM.Collect$$rtexit$$00000004  c_w.l(rtexit2.o)
    0x08000236   0x00000002   PAD
    0x08000238   0x00000058   Code   RO            3    .text               main.o
    0x08000290   0x00000028   Code   RO          150    .text               stm32f4xx_it.o
    0x080002b8   0x000002e4   Code   RO          176    .text               system.o
    0x0800059c   0x0000018c   Code   RO          204    .text               can1.o
    0x08000728   0x00000090   Code   RO          224    .text               control.o
    0x080007b8   0x00000294   Code   RO          254    .text               usart2.o
    0x08000a4c   0x00000060   Code   RO          282    .text               led.o
    0x08000aac   0x00000120   Code   RO          302    .text               crc.o
    0x08000bcc   0x000001b4   Code   RO          326    .text               can2.o
    0x08000d80   0x000004c4   Code   RO          367    .text               blue.o
    0x08001244   0x0000039c   Code   RO          388    .text               clock.o
    0x080015e0   0x000000e0   Code   RO          411    .text               misc.o
    0x080016c0   0x00000294   Code   RO          431    .text               stm32f4xx_gpio.o
    0x08001954   0x00000634   Code   RO          451    .text               stm32f4xx_rcc.o
    0x08001f88   0x00000454   Code   RO          493    .text               stm32f4xx_usart.o
    0x080023dc   0x00000040   Code   RO          514    .text               startup_stm32f40xx.o
    0x0800241c   0x00000210   Code   RO          520    .text               system_stm32f4xx.o
    0x0800262c   0x000009f0   Code   RO          546    .text               stm32f4xx_can.o
    0x0800301c   0x000003a8   Code   RO          566    .text               stm32f4xx_dma.o
    0x080033c4   0x00000024   Code   RO          686    .text               usart.o
    0x080033e8   0x00000258   Code   RO          731    .text               myiic.o
    0x08003640   0x00000384   Code   RO          751    .text               mpu6050.o
    0x080039c4   0x000022cc   Code   RO          771    .text               inv_mpu.o
    0x08005c90   0x00000d90   Code   RO          810    .text               inv_mpu_dmp_motion_driver.o
    0x08006a20   0x00000002   Code   RO          843    .text               c_w.l(use_no_semi_2.o)
    0x08006a22   0x00000048   Code   RO          845    .text               c_w.l(llsdiv.o)
    0x08006a6a   0x00000002   PAD
    0x08006a6c   0x00000018   Code   RO          849    .text               c_w.l(noretval__2printf.o)
    0x08006a84   0x0000004e   Code   RO          853    .text               c_w.l(_printf_pad.o)
    0x08006ad2   0x00000002   PAD
    0x08006ad4   0x00000078   Code   RO          855    .text               c_w.l(_printf_dec.o)
    0x08006b4c   0x00000058   Code   RO          860    .text               c_w.l(_printf_hex_int.o)
    0x08006ba4   0x00000138   Code   RO          890    .text               c_w.l(__printf_flags_wp.o)
    0x08006cdc   0x00000058   Code   RO          901    .text               c_w.l(memcmp.o)
    0x08006d34   0x00000064   Code   RO          903    .text               c_w.l(rt_memcpy_w.o)
    0x08006d98   0x00000010   Code   RO          905    .text               c_w.l(aeabi_memset.o)
    0x08006da8   0x00000006   Code   RO          907    .text               c_w.l(heapauxi.o)
    0x08006dae   0x00000002   Code   RO          959    .text               c_w.l(use_no_semi.o)
    0x08006db0   0x000000ee   Code   RO          962    .text               c_w.l(lludivv7m.o)
    0x08006e9e   0x00000016   Code   RO          964    .text               c_w.l(_rserrno.o)
    0x08006eb4   0x000000b2   Code   RO          966    .text               c_w.l(_printf_intcommon.o)
    0x08006f66   0x00000002   PAD
    0x08006f68   0x00000024   Code   RO          968    .text               c_w.l(_printf_char_file.o)
    0x08006f8c   0x00000044   Code   RO          971    .text               c_w.l(rt_memclr.o)
    0x08006fd0   0x00000008   Code   RO         1057    .text               c_w.l(rt_errno_addr_intlibspace.o)
    0x08006fd8   0x00000030   Code   RO         1059    .text               c_w.l(_printf_char_common.o)
    0x08007008   0x00000008   Code   RO         1061    .text               c_w.l(ferror.o)
    0x08007010   0x0000004e   Code   RO         1065    .text               c_w.l(rt_memclr_w.o)
    0x0800705e   0x00000002   PAD
    0x08007060   0x00000008   Code   RO         1071    .text               c_w.l(libspace.o)
    0x08007068   0x0000004a   Code   RO         1074    .text               c_w.l(sys_stackheap_outer.o)
    0x080070b2   0x0000000c   Code   RO         1080    .text               c_w.l(exit.o)
    0x080070be   0x00000030   Code   RO         1018    i.__ARM_fpclassify  m_wm.l(fpclassify.o)
    0x080070ee   0x00000002   PAD
    0x080070f0   0x00000360   Code   RO          933    i.__hardfp_asin     m_wm.l(asin.o)
    0x08007450   0x000002d8   Code   RO          984    i.__hardfp_atan     m_wm.l(atan.o)
    0x08007728   0x000001f0   Code   RO          947    i.__hardfp_atan2    m_wm.l(atan2.o)
    0x08007918   0x000000f8   Code   RO         1020    i.__kernel_poly     m_wm.l(poly.o)
    0x08007a10   0x00000014   Code   RO          999    i.__mathlib_dbl_infnan  m_wm.l(dunder.o)
    0x08007a24   0x00000014   Code   RO         1000    i.__mathlib_dbl_infnan2  m_wm.l(dunder.o)
    0x08007a38   0x00000020   Code   RO         1001    i.__mathlib_dbl_invalid  m_wm.l(dunder.o)
    0x08007a58   0x00000020   Code   RO         1004    i.__mathlib_dbl_underflow  m_wm.l(dunder.o)
    0x08007a78   0x0000000e   Code   RO          888    i._is_digit         c_w.l(__printf_wp.o)
    0x08007a86   0x00000010   Code   RO          986    i.atan              m_wm.l(atan.o)
    0x08007a96   0x00000018   Code   RO         1014    i.fabs              m_wm.l(fabs.o)
    0x08007aae   0x0000006e   Code   RO         1025    i.sqrt              m_wm.l(sqrt.o)
    0x08007b1c   0x00000018   Code   RO          973    x$fpl$basic         fz_wm.l(basic.o)
    0x08007b34   0x00000062   Code   RO          911    x$fpl$d2f           fz_wm.l(d2f.o)
    0x08007b96   0x00000002   PAD
    0x08007b98   0x00000150   Code   RO          913    x$fpl$dadd          fz_wm.l(daddsub_clz.o)
    0x08007ce8   0x000002b0   Code   RO          920    x$fpl$ddiv          fz_wm.l(ddiv.o)
    0x08007f98   0x0000002e   Code   RO          924    x$fpl$dflt          fz_wm.l(dflt_clz.o)
    0x08007fc6   0x00000002   PAD
    0x08007fc8   0x00000154   Code   RO          929    x$fpl$dmul          fz_wm.l(dmul.o)
    0x0800811c   0x0000009c   Code   RO          975    x$fpl$dnaninf       fz_wm.l(dnaninf.o)
    0x080081b8   0x0000000c   Code   RO          977    x$fpl$dretinf       fz_wm.l(dretinf.o)
    0x080081c4   0x00000016   Code   RO          914    x$fpl$drsb          fz_wm.l(daddsub_clz.o)
    0x080081da   0x00000002   PAD
    0x080081dc   0x00000198   Code   RO         1069    x$fpl$dsqrt         fz_wm.l(dsqrt_umaal.o)
    0x08008374   0x000001d4   Code   RO          915    x$fpl$dsub          fz_wm.l(daddsub_clz.o)
    0x08008548   0x00000056   Code   RO          931    x$fpl$f2d           fz_wm.l(f2d.o)
    0x0800859e   0x0000008c   Code   RO          979    x$fpl$fnaninf       fz_wm.l(fnaninf.o)
    0x0800862a   0x0000000a   Code   RO         1156    x$fpl$fpinit        fz_wm.l(fpinit.o)
    0x08008634   0x0000000a   Code   RO          981    x$fpl$fretinf       fz_wm.l(fretinf.o)
    0x0800863e   0x00000000   Code   RO          983    x$fpl$usenofp       fz_wm.l(usenofp.o)
    0x0800863e   0x00000302   Data   RO          303    .constdata          crc.o
    0x08008940   0x00003a80   Data   RO          368    .constdata          blue.o
    0x0800c3c0   0x00000050   Data   RO          772    .constdata          inv_mpu.o
    0x0800c410   0x00000bf6   Data   RO          812    .constdata          inv_mpu_dmp_motion_driver.o
    0x0800d006   0x00000028   Data   RO          861    .constdata          c_w.l(_printf_hex_int.o)
    0x0800d02e   0x00000011   Data   RO          891    .constdata          c_w.l(__printf_flags_wp.o)
    0x0800d03f   0x00000001   PAD
    0x0800d040   0x00000050   Data   RO          936    .constdata          m_wm.l(asin.o)
    0x0800d090   0x00000098   Data   RO          987    .constdata          m_wm.l(atan.o)
    0x0800d128   0x00000008   Data   RO         1022    .constdata          m_wm.l(qnan.o)
    0x0800d130   0x0000004d   Data   RO          773    .conststring        inv_mpu.o
    0x0800d17d   0x00000003   PAD
    0x0800d180   0x00000020   Data   RO         1213    Region$$Table       anon$$obj.o


    Execution Region RW_IRAM1 (Base: 0x20000000, Size: 0x00000770, Max: 0x00020000, ABSOLUTE)

    Base Addr    Size         Type   Attr      Idx    E Section Name        Object

    0x20000000   0x00000004   Data   RW            4    .data               main.o
    0x20000004   0x00000004   Data   RW          151    .data               stm32f4xx_it.o
    0x20000008   0x00000044   Data   RW          177    .data               system.o
    0x2000004c   0x00000001   Data   RW          225    .data               control.o
    0x2000004d   0x00000001   PAD
    0x2000004e   0x00000002   Data   RW          304    .data               crc.o
    0x20000050   0x00000020   Data   RW          389    .data               clock.o
    0x20000070   0x00000010   Data   RW          452    .data               stm32f4xx_rcc.o
    0x20000080   0x00000014   Data   RW          521    .data               system_stm32f4xx.o
    0x20000094   0x00000004   Data   RW          687    .data               usart.o
    0x20000098   0x00000035   Data   RW          774    .data               inv_mpu.o
    0x200000cd   0x00000003   PAD
    0x200000d0   0x0000002e   Zero   RW          255    .bss                usart2.o
    0x200000fe   0x00000002   PAD
    0x20000100   0x00000010   Zero   RW          811    .bss                inv_mpu_dmp_motion_driver.o
    0x20000110   0x00000060   Zero   RW         1072    .bss                c_w.l(libspace.o)
    0x20000170   0x00000200   Zero   RW          512    HEAP                startup_stm32f40xx.o
    0x20000370   0x00000400   Zero   RW          511    STACK               startup_stm32f40xx.o


==============================================================================

Image component sizes


      Code (inc. data)   RO Data    RW Data    ZI Data      Debug   Object Name

      1220         54      14976          0          0       5571   blue.o
       396         12          0          0          0       1453   can1.o
       436         10          0          0          0       1501   can2.o
       924         52          0         32          0       2877   clock.o
       144         18          0          1          0      28944   control.o
       288         14        770          2          0       3153   crc.o
      8908        224        157         53          0      23845   inv_mpu.o
      3472        142       3062          0         16      15159   inv_mpu_dmp_motion_driver.o
        96          8          0          0          0        519   led.o
        88         12          0          4          0     282641   main.o
       224         20          0          0          0       1869   misc.o
       900         22          0          0          0       4147   mpu6050.o
       600         12          0          0          0       1904   myiic.o
        64         26        392          0       1536        852   startup_stm32f40xx.o
      2544         38          0          0          0       8020   stm32f4xx_can.o
       936         32          0          0          0       6341   stm32f4xx_dma.o
       660         44          0          0          0       4145   stm32f4xx_gpio.o
        40          4          0          4          0       1882   stm32f4xx_it.o
      1588         52          0         16          0      12802   stm32f4xx_rcc.o
      1108         34          0          0          0       7844   stm32f4xx_usart.o
       740         90          0         68          0      31197   system.o
       528         46          0         20          0       1927   system_stm32f4xx.o
        36          4          0          4          0       2730   usart.o
       660         50          0          0         46       4883   usart2.o

    ----------------------------------------------------------------------
     26600       1020      19392        208       1600     456206   Object Totals
         0          0         32          0          0          0   (incl. Generated)
         0          0          3          4          2          0   (incl. Padding)

    ----------------------------------------------------------------------

      Code (inc. data)   RO Data    RW Data    ZI Data      Debug   Library Member Name

         8          0          0          0          0         68   __main.o
       312          4         17          0          0         92   __printf_flags_wp.o
        14          0          0          0          0         68   __printf_wp.o
         0          0          0          0          0          0   __rtentry.o
        12          0          0          0          0          0   __rtentry2.o
         6          0          0          0          0          0   __rtentry4.o
        52          8          0          0          0          0   __scatter.o
        26          0          0          0          0          0   __scatter_copy.o
        28          0          0          0          0          0   __scatter_zi.o
        48          6          0          0          0         96   _printf_char_common.o
        36          4          0          0          0         80   _printf_char_file.o
         6          0          0          0          0          0   _printf_d.o
       120         16          0          0          0         92   _printf_dec.o
        88          4         40          0          0         88   _printf_hex_int.o
       178          0          0          0          0         88   _printf_intcommon.o
        78          0          0          0          0        108   _printf_pad.o
         0          0          0          0          0          0   _printf_percent.o
         4          0          0          0          0          0   _printf_percent_end.o
         6          0          0          0          0          0   _printf_x.o
        22          0          0          0          0        100   _rserrno.o
        16          0          0          0          0         68   aeabi_memset.o
        12          0          0          0          0         72   exit.o
         8          0          0          0          0         68   ferror.o
         6          0          0          0          0        152   heapauxi.o
         2          0          0          0          0          0   libinit.o
         6          0          0          0          0          0   libinit2.o
         2          0          0          0          0          0   libshutdown.o
         2          0          0          0          0          0   libshutdown2.o
         8          4          0          0         96         68   libspace.o
        72          0          0          0          0         76   llsdiv.o
       238          0          0          0          0        100   lludivv7m.o
        88          0          0          0          0         76   memcmp.o
        24          4          0          0          0         84   noretval__2printf.o
         8          4          0          0          0         68   rt_errno_addr_intlibspace.o
        68          0          0          0          0         68   rt_memclr.o
        78          0          0          0          0         80   rt_memclr_w.o
       100          0          0          0          0         80   rt_memcpy_w.o
         2          0          0          0          0          0   rtexit.o
        10          0          0          0          0          0   rtexit2.o
        74          0          0          0          0         80   sys_stackheap_outer.o
         2          0          0          0          0         68   use_no_semi.o
         2          0          0          0          0         68   use_no_semi_2.o
        24          0          0          0          0        164   basic.o
        98          4          0          0          0        140   d2f.o
       826         16          0          0          0        492   daddsub_clz.o
       688        140          0          0          0        256   ddiv.o
        46          0          0          0          0        116   dflt_clz.o
       340         12          0          0          0        152   dmul.o
       156          4          0          0          0        140   dnaninf.o
        12          0          0          0          0        116   dretinf.o
       408         56          0          0          0        168   dsqrt_umaal.o
        86          4          0          0          0        132   f2d.o
       140          4          0          0          0        132   fnaninf.o
        10          0          0          0          0        116   fpinit.o
        10          0          0          0          0        116   fretinf.o
         0          0          0          0          0          0   usenofp.o
       864         94         80          0          0        280   asin.o
       744        106        152          0          0        352   atan.o
       496         64          0          0          0        192   atan2.o
       104         16          0          0          0        496   dunder.o
        24          0          0          0          0        124   fabs.o
        48          0          0          0          0        124   fpclassify.o
       248          0          0          0          0        152   poly.o
         0          0          8          0          0          0   qnan.o
       110          0          0          0          0        148   sqrt.o

    ----------------------------------------------------------------------
      7374        574        298          0         96       6264   Library Totals
        20          0          1          0          0          0   (incl. Padding)

    ----------------------------------------------------------------------

      Code (inc. data)   RO Data    RW Data    ZI Data      Debug   Library Name

      1872         54         57          0         96       2156   c_w.l
      2844        240          0          0          0       2240   fz_wm.l
      2638        280        240          0          0       1868   m_wm.l

    ----------------------------------------------------------------------
      7374        574        298          0         96       6264   Library Totals

    ----------------------------------------------------------------------

==============================================================================


      Code (inc. data)   RO Data    RW Data    ZI Data      Debug   

     33974       1594      19690        208       1696     454126   Grand Totals
     33974       1594      19690        208       1696     454126   ELF Image Totals
     33974       1594      19690        208          0          0   ROM Totals

==============================================================================

    Total RO  Size (Code + RO Data)                53664 (  52.41kB)
    Total RW  Size (RW Data + ZI Data)              1904 (   1.86kB)
    Total ROM Size (Code + RO Data + RW Data)      53872 (  52.61kB)

==============================================================================

